Archive member included to satisfy reference by file (symbol)

c:/st/stm32cubeide_1.3.0/stm32cubeide/plugins/com.st.stm32cube.ide.mcu.externaltools.gnu-tools-for-stm32.7-2018-q2-update.win32_1.0.0.201904181610/tools/bin/../lib/gcc/arm-none-eabi/7.3.1/../../../../arm-none-eabi/lib/thumb/v7e-m/fpv4-sp/hard\libc_nano.a(lib_a-errno.o)
                              Core/Src/syscalls.o (__errno)
c:/st/stm32cubeide_1.3.0/stm32cubeide/plugins/com.st.stm32cube.ide.mcu.externaltools.gnu-tools-for-stm32.7-2018-q2-update.win32_1.0.0.201904181610/tools/bin/../lib/gcc/arm-none-eabi/7.3.1/../../../../arm-none-eabi/lib/thumb/v7e-m/fpv4-sp/hard\libc_nano.a(lib_a-exit.o)
                              c:/st/stm32cubeide_1.3.0/stm32cubeide/plugins/com.st.stm32cube.ide.mcu.externaltools.gnu-tools-for-stm32.7-2018-q2-update.win32_1.0.0.201904181610/tools/bin/../lib/gcc/arm-none-eabi/7.3.1/../../../../arm-none-eabi/lib/thumb/v7e-m/fpv4-sp/hard/crt0.o (exit)
c:/st/stm32cubeide_1.3.0/stm32cubeide/plugins/com.st.stm32cube.ide.mcu.externaltools.gnu-tools-for-stm32.7-2018-q2-update.win32_1.0.0.201904181610/tools/bin/../lib/gcc/arm-none-eabi/7.3.1/../../../../arm-none-eabi/lib/thumb/v7e-m/fpv4-sp/hard\libc_nano.a(lib_a-impure.o)
                              c:/st/stm32cubeide_1.3.0/stm32cubeide/plugins/com.st.stm32cube.ide.mcu.externaltools.gnu-tools-for-stm32.7-2018-q2-update.win32_1.0.0.201904181610/tools/bin/../lib/gcc/arm-none-eabi/7.3.1/../../../../arm-none-eabi/lib/thumb/v7e-m/fpv4-sp/hard\libc_nano.a(lib_a-exit.o) (_global_impure_ptr)
c:/st/stm32cubeide_1.3.0/stm32cubeide/plugins/com.st.stm32cube.ide.mcu.externaltools.gnu-tools-for-stm32.7-2018-q2-update.win32_1.0.0.201904181610/tools/bin/../lib/gcc/arm-none-eabi/7.3.1/../../../../arm-none-eabi/lib/thumb/v7e-m/fpv4-sp/hard\libc_nano.a(lib_a-init.o)
                              c:/st/stm32cubeide_1.3.0/stm32cubeide/plugins/com.st.stm32cube.ide.mcu.externaltools.gnu-tools-for-stm32.7-2018-q2-update.win32_1.0.0.201904181610/tools/bin/../lib/gcc/arm-none-eabi/7.3.1/../../../../arm-none-eabi/lib/thumb/v7e-m/fpv4-sp/hard/crt0.o (__libc_init_array)
c:/st/stm32cubeide_1.3.0/stm32cubeide/plugins/com.st.stm32cube.ide.mcu.externaltools.gnu-tools-for-stm32.7-2018-q2-update.win32_1.0.0.201904181610/tools/bin/../lib/gcc/arm-none-eabi/7.3.1/../../../../arm-none-eabi/lib/thumb/v7e-m/fpv4-sp/hard\libc_nano.a(lib_a-memset.o)
                              c:/st/stm32cubeide_1.3.0/stm32cubeide/plugins/com.st.stm32cube.ide.mcu.externaltools.gnu-tools-for-stm32.7-2018-q2-update.win32_1.0.0.201904181610/tools/bin/../lib/gcc/arm-none-eabi/7.3.1/../../../../arm-none-eabi/lib/thumb/v7e-m/fpv4-sp/hard/crt0.o (memset)
c:/st/stm32cubeide_1.3.0/stm32cubeide/plugins/com.st.stm32cube.ide.mcu.externaltools.gnu-tools-for-stm32.7-2018-q2-update.win32_1.0.0.201904181610/tools/bin/../lib/gcc/arm-none-eabi/7.3.1/../../../../arm-none-eabi/lib/thumb/v7e-m/fpv4-sp/hard\libc_nano.a(lib_a-nano-vfprintf_float.o)
                              (_printf_float)
c:/st/stm32cubeide_1.3.0/stm32cubeide/plugins/com.st.stm32cube.ide.mcu.externaltools.gnu-tools-for-stm32.7-2018-q2-update.win32_1.0.0.201904181610/tools/bin/../lib/gcc/arm-none-eabi/7.3.1/../../../../arm-none-eabi/lib/thumb/v7e-m/fpv4-sp/hard\libc_nano.a(lib_a-nano-vfprintf_i.o)
                              c:/st/stm32cubeide_1.3.0/stm32cubeide/plugins/com.st.stm32cube.ide.mcu.externaltools.gnu-tools-for-stm32.7-2018-q2-update.win32_1.0.0.201904181610/tools/bin/../lib/gcc/arm-none-eabi/7.3.1/../../../../arm-none-eabi/lib/thumb/v7e-m/fpv4-sp/hard\libc_nano.a(lib_a-nano-vfprintf_float.o) (_printf_common)
c:/st/stm32cubeide_1.3.0/stm32cubeide/plugins/com.st.stm32cube.ide.mcu.externaltools.gnu-tools-for-stm32.7-2018-q2-update.win32_1.0.0.201904181610/tools/bin/../lib/gcc/arm-none-eabi/7.3.1/../../../../arm-none-eabi/lib/thumb/v7e-m/fpv4-sp/hard\libc_nano.a(lib_a-printf.o)
                              Bootloader/Src/bl.o (printf)
c:/st/stm32cubeide_1.3.0/stm32cubeide/plugins/com.st.stm32cube.ide.mcu.externaltools.gnu-tools-for-stm32.7-2018-q2-update.win32_1.0.0.201904181610/tools/bin/../lib/gcc/arm-none-eabi/7.3.1/../../../../arm-none-eabi/lib/thumb/v7e-m/fpv4-sp/hard\libc_nano.a(lib_a-puts.o)
                              Bootloader/Src/bl.o (puts)
c:/st/stm32cubeide_1.3.0/stm32cubeide/plugins/com.st.stm32cube.ide.mcu.externaltools.gnu-tools-for-stm32.7-2018-q2-update.win32_1.0.0.201904181610/tools/bin/../lib/gcc/arm-none-eabi/7.3.1/../../../../arm-none-eabi/lib/thumb/v7e-m/fpv4-sp/hard\libc_nano.a(lib_a-strlen.o)
                              c:/st/stm32cubeide_1.3.0/stm32cubeide/plugins/com.st.stm32cube.ide.mcu.externaltools.gnu-tools-for-stm32.7-2018-q2-update.win32_1.0.0.201904181610/tools/bin/../lib/gcc/arm-none-eabi/7.3.1/../../../../arm-none-eabi/lib/thumb/v7e-m/fpv4-sp/hard\libc_nano.a(lib_a-nano-vfprintf_float.o) (strlen)
[...]
Memory Configuration

Name             Origin             Length             Attributes
CCMRAM           0x0000000010000000 0x0000000000010000 xrw
RAM              0x0000000020000000 0x0000000000020000 xrw
FLASH            0x0000000008000000 0x0000000000100000 xr
*default*        0x0000000000000000 0xffffffffffffffff

Linker script and memory map

LOAD c:/st/stm32cubeide_1.3.0/stm32cubeide/plugins/com.st.stm32cube.ide.mcu.externaltools.gnu-tools-for-stm32.7-2018-q2-update.win32_1.0.0.201904181610/tools/bin/../lib/gcc/arm-none-eabi/7.3.1/thumb/v7e-m/fpv4-sp/hard/crti.o
LOAD c:/st/stm32cubeide_1.3.0/stm32cubeide/plugins/com.st.stm32cube.ide.mcu.externaltools.gnu-tools-for-stm32.7-2018-q2-update.win32_1.0.0.201904181610/tools/bin/../lib/gcc/arm-none-eabi/7.3.1/thumb/v7e-m/fpv4-sp/hard/crtbegin.o
LOAD c:/st/stm32cubeide_1.3.0/stm32cubeide/plugins/com.st.stm32cube.ide.mcu.externaltools.gnu-tools-for-stm32.7-2018-q2-update.win32_1.0.0.201904181610/tools/bin/../lib/gcc/arm-none-eabi/7.3.1/../../../../arm-none-eabi/lib/thumb/v7e-m/fpv4-sp/hard/crt0.o
LOAD Bootloader/Src/bl.o
LOAD Bootloader/Src/crc.o
LOAD Bootloader/Src/flash.o
LOAD Bootloader/Src/sdcard.o
LOAD Core/Src/gpio.o
LOAD Core/Src/main.o
LOAD Core/Src/sdio.o
LOAD Core/Src/stm32f4xx_hal_msp.o
LOAD Core/Src/stm32f4xx_it.o
LOAD Core/Src/syscalls.o
LOAD Core/Src/sysmem.o
LOAD Core/Src/system_stm32f4xx.o
LOAD Core/Startup/startup_stm32f407ighx.o
LOAD Drivers/STM32F4xx_HAL_Driver/Src/stm32f4xx_hal.o
LOAD Drivers/STM32F4xx_HAL_Driver/Src/stm32f4xx_hal_cortex.o
LOAD Drivers/STM32F4xx_HAL_Driver/Src/stm32f4xx_hal_dma.o
LOAD Drivers/STM32F4xx_HAL_Driver/Src/stm32f4xx_hal_dma_ex.o
LOAD Drivers/STM32F4xx_HAL_Driver/Src/stm32f4xx_hal_exti.o
LOAD Drivers/STM32F4xx_HAL_Driver/Src/stm32f4xx_hal_flash.o
LOAD Drivers/STM32F4xx_HAL_Driver/Src/stm32f4xx_hal_flash_ex.o
LOAD Drivers/STM32F4xx_HAL_Driver/Src/stm32f4xx_hal_flash_ramfunc.o
LOAD Drivers/STM32F4xx_HAL_Driver/Src/stm32f4xx_hal_gpio.o
LOAD Drivers/STM32F4xx_HAL_Driver/Src/stm32f4xx_hal_pwr.o
LOAD Drivers/STM32F4xx_HAL_Driver/Src/stm32f4xx_hal_pwr_ex.o
LOAD Drivers/STM32F4xx_HAL_Driver/Src/stm32f4xx_hal_rcc.o
LOAD Drivers/STM32F4xx_HAL_Driver/Src/stm32f4xx_hal_rcc_ex.o
LOAD Drivers/STM32F4xx_HAL_Driver/Src/stm32f4xx_hal_sd.o
LOAD Drivers/STM32F4xx_HAL_Driver/Src/stm32f4xx_hal_tim.o
LOAD Drivers/STM32F4xx_HAL_Driver/Src/stm32f4xx_hal_tim_ex.o
LOAD Drivers/STM32F4xx_HAL_Driver/Src/stm32f4xx_ll_sdmmc.o
LOAD FATFS/App/fatfs.o
LOAD FATFS/Target/bsp_driver_sd.o
LOAD FATFS/Target/fatfs_platform.o
LOAD FATFS/Target/sd_diskio.o
LOAD Middlewares/Third_Party/FatFs/src/diskio.o
LOAD Middlewares/Third_Party/FatFs/src/ff.o
LOAD Middlewares/Third_Party/FatFs/src/ff_gen_drv.o
LOAD Middlewares/Third_Party/FatFs/src/option/ccsbcs.o
LOAD Middlewares/Third_Party/FatFs/src/option/syscall.o
START GROUP
LOAD c:/st/stm32cubeide_1.3.0/stm32cubeide/plugins/com.st.stm32cube.ide.mcu.externaltools.gnu-tools-for-stm32.7-2018-q2-update.win32_1.0.0.201904181610/tools/bin/../lib/gcc/arm-none-eabi/7.3.1/../../../../arm-none-eabi/lib/thumb/v7e-m/fpv4-sp/hard\libc_nano.a
LOAD c:/st/stm32cubeide_1.3.0/stm32cubeide/plugins/com.st.stm32cube.ide.mcu.externaltools.gnu-tools-for-stm32.7-2018-q2-update.win32_1.0.0.201904181610/tools/bin/../lib/gcc/arm-none-eabi/7.3.1/../../../../arm-none-eabi/lib/thumb/v7e-m/fpv4-sp/hard\libm.a
END GROUP
START GROUP
LOAD c:/st/stm32cubeide_1.3.0/stm32cubeide/plugins/com.st.stm32cube.ide.mcu.externaltools.gnu-tools-for-stm32.7-2018-q2-update.win32_1.0.0.201904181610/tools/bin/../lib/gcc/arm-none-eabi/7.3.1/thumb/v7e-m/fpv4-sp/hard\libgcc.a
LOAD c:/st/stm32cubeide_1.3.0/stm32cubeide/plugins/com.st.stm32cube.ide.mcu.externaltools.gnu-tools-for-stm32.7-2018-q2-update.win32_1.0.0.201904181610/tools/bin/../lib/gcc/arm-none-eabi/7.3.1/../../../../arm-none-eabi/lib/thumb/v7e-m/fpv4-sp/hard\libc_nano.a
END GROUP
START GROUP
LOAD c:/st/stm32cubeide_1.3.0/stm32cubeide/plugins/com.st.stm32cube.ide.mcu.externaltools.gnu-tools-for-stm32.7-2018-q2-update.win32_1.0.0.201904181610/tools/bin/../lib/gcc/arm-none-eabi/7.3.1/thumb/v7e-m/fpv4-sp/hard\libgcc.a
LOAD c:/st/stm32cubeide_1.3.0/stm32cubeide/plugins/com.st.stm32cube.ide.mcu.externaltools.gnu-tools-for-stm32.7-2018-q2-update.win32_1.0.0.201904181610/tools/bin/../lib/gcc/arm-none-eabi/7.3.1/../../../../arm-none-eabi/lib/thumb/v7e-m/fpv4-sp/hard\libc_nano.a
LOAD c:/st/stm32cubeide_1.3.0/stm32cubeide/plugins/com.st.stm32cube.ide.mcu.externaltools.gnu-tools-for-stm32.7-2018-q2-update.win32_1.0.0.201904181610/tools/bin/../lib/gcc/arm-none-eabi/7.3.1/../../../../arm-none-eabi/lib/thumb/v7e-m/fpv4-sp/hard\libnosys.a
END GROUP
START GROUP
LOAD c:/st/stm32cubeide_1.3.0/stm32cubeide/plugins/com.st.stm32cube.ide.mcu.externaltools.gnu-tools-for-stm32.7-2018-q2-update.win32_1.0.0.201904181610/tools/bin/../lib/gcc/arm-none-eabi/7.3.1/thumb/v7e-m/fpv4-sp/hard\libgcc.a
LOAD c:/st/stm32cubeide_1.3.0/stm32cubeide/plugins/com.st.stm32cube.ide.mcu.externaltools.gnu-tools-for-stm32.7-2018-q2-update.win32_1.0.0.201904181610/tools/bin/../lib/gcc/arm-none-eabi/7.3.1/../../../../arm-none-eabi/lib/thumb/v7e-m/fpv4-sp/hard\libc_nano.a
LOAD c:/st/stm32cubeide_1.3.0/stm32cubeide/plugins/com.st.stm32cube.ide.mcu.externaltools.gnu-tools-for-stm32.7-2018-q2-update.win32_1.0.0.201904181610/tools/bin/../lib/gcc/arm-none-eabi/7.3.1/../../../../arm-none-eabi/lib/thumb/v7e-m/fpv4-sp/hard\libnosys.a
END GROUP
LOAD c:/st/stm32cubeide_1.3.0/stm32cubeide/plugins/com.st.stm32cube.ide.mcu.externaltools.gnu-tools-for-stm32.7-2018-q2-update.win32_1.0.0.201904181610/tools/bin/../lib/gcc/arm-none-eabi/7.3.1/thumb/v7e-m/fpv4-sp/hard/crtend.o
LOAD c:/st/stm32cubeide_1.3.0/stm32cubeide/plugins/com.st.stm32cube.ide.mcu.externaltools.gnu-tools-for-stm32.7-2018-q2-update.win32_1.0.0.201904181610/tools/bin/../lib/gcc/arm-none-eabi/7.3.1/thumb/v7e-m/fpv4-sp/hard/crtn.o
                0x0000000020020000                _estack = (ORIGIN (RAM) + LENGTH (RAM))
                0x0000000000000200                _Min_Heap_Size = 0x200
                0x0000000000000400                _Min_Stack_Size = 0x400

.isr_vector     0x0000000008000000      0x188
                0x0000000008000000                . = ALIGN (0x4)
 *(.isr_vector)
 .isr_vector    0x0000000008000000      0x188 Core/Startup/startup_stm32f407ighx.o
                0x0000000008000000                g_pfnVectors
                0x0000000008000188                . = ALIGN (0x4)

.text           0x0000000008000190     0xad7c
                0x0000000008000190                . = ALIGN (0x4)
 *(.text)
 .text          0x0000000008000190       0x40 c:/st/stm32cubeide_1.3.0/stm32cubeide/plugins/com.st.stm32cube.ide.mcu.externaltools.gnu-tools-for-stm32.7-2018-q2-update.win32_1.0.0.201904181610/tools/bin/../lib/gcc/arm-none-eabi/7.3.1/thumb/v7e-m/fpv4-sp/hard/crtbegin.o
 .text          0x00000000080001d0       0x10 c:/st/stm32cubeide_1.3.0/stm32cubeide/plugins/com.st.stm32cube.ide.mcu.externaltools.gnu-tools-for-stm32.7-2018-q2-update.win32_1.0.0.201904181610/tools/bin/../lib/gcc/arm-none-eabi/7.3.1/../../../../arm-none-eabi/lib/thumb/v7e-m/fpv4-sp/hard\libc_nano.a(lib_a-strlen.o)
                0x00000000080001d0                strlen
 .text          0x00000000080001e0       0xa0 c:/st/stm32cubeide_1.3.0/stm32cubeide/plugins/com.st.stm32cube.ide.mcu.externaltools.gnu-tools-for-stm32.7-2018-q2-update.win32_1.0.0.201904181610/tools/bin/../lib/gcc/arm-none-eabi/7.3.1/../../../../arm-none-eabi/lib/thumb/v7e-m/fpv4-sp/hard\libc_nano.a(lib_a-memchr.o)
                0x00000000080001e0                memchr
 .text          0x0000000008000280      0x378 c:/st/stm32cubeide_1.3.0/stm32cubeide/plugins/com.st.stm32cube.ide.mcu.externaltools.gnu-tools-for-stm32.7-2018-q2-update.win32_1.0.0.201904181610/tools/bin/../lib/gcc/arm-none-eabi/7.3.1/thumb/v7e-m/fpv4-sp/hard\libgcc.a(_arm_addsubdf3.o)
                0x0000000008000280                __aeabi_drsub
                0x0000000008000288                __aeabi_dsub
                0x0000000008000288                __subdf3
                0x000000000800028c                __aeabi_dadd
                0x000000000800028c                __adddf3
                0x0000000008000504                __floatunsidf
                0x0000000008000504                __aeabi_ui2d
                0x0000000008000524                __floatsidf
                0x0000000008000524                __aeabi_i2d
                0x0000000008000548                __aeabi_f2d
                0x0000000008000548                __extendsfdf2
                0x000000000800058c                __floatundidf
                0x000000000800058c                __aeabi_ul2d
                0x000000000800059c                __floatdidf
                0x000000000800059c                __aeabi_l2d
 .text          0x00000000080005f8      0x424 c:/st/stm32cubeide_1.3.0/stm32cubeide/plugins/com.st.stm32cube.ide.mcu.externaltools.gnu-tools-for-stm32.7-2018-q2-update.win32_1.0.0.201904181610/tools/bin/../lib/gcc/arm-none-eabi/7.3.1/thumb/v7e-m/fpv4-sp/hard\libgcc.a(_arm_muldivdf3.o)
                0x00000000080005f8                __aeabi_dmul
                0x00000000080005f8                __muldf3
                0x000000000800084c                __divdf3
                0x000000000800084c                __aeabi_ddiv
 .text          0x0000000008000a1c      0x110 c:/st/stm32cubeide_1.3.0/stm32cubeide/plugins/com.st.stm32cube.ide.mcu.externaltools.gnu-tools-for-stm32.7-2018-q2-update.win32_1.0.0.201904181610/tools/bin/../lib/gcc/arm-none-eabi/7.3.1/thumb/v7e-m/fpv4-sp/hard\libgcc.a(_arm_cmpdf2.o)
                0x0000000008000a1c                __gtdf2
                0x0000000008000a1c                __gedf2
                0x0000000008000a24                __ltdf2
                0x0000000008000a24                __ledf2
                0x0000000008000a2c                __nedf2
                0x0000000008000a2c                __eqdf2
                0x0000000008000a2c                __cmpdf2
                0x0000000008000aa8                __aeabi_cdrcmple
                0x0000000008000ab8                __aeabi_cdcmpeq
                0x0000000008000ab8                __aeabi_cdcmple
                0x0000000008000ac8                __aeabi_dcmpeq
                0x0000000008000adc                __aeabi_dcmplt
                0x0000000008000af0                __aeabi_dcmple
                0x0000000008000b04                __aeabi_dcmpge
                0x0000000008000b18                __aeabi_dcmpgt
 .text          0x0000000008000b2c       0x2c c:/st/stm32cubeide_1.3.0/stm32cubeide/plugins/com.st.stm32cube.ide.mcu.externaltools.gnu-tools-for-stm32.7-2018-q2-update.win32_1.0.0.201904181610/tools/bin/../lib/gcc/arm-none-eabi/7.3.1/thumb/v7e-m/fpv4-sp/hard\libgcc.a(_arm_unorddf2.o)
                0x0000000008000b2c                __unorddf2
                0x0000000008000b2c                __aeabi_dcmpun
 .text          0x0000000008000b58       0x50 c:/st/stm32cubeide_1.3.0/stm32cubeide/plugins/com.st.stm32cube.ide.mcu.externaltools.gnu-tools-for-stm32.7-2018-q2-update.win32_1.0.0.201904181610/tools/bin/../lib/gcc/arm-none-eabi/7.3.1/thumb/v7e-m/fpv4-sp/hard\libgcc.a(_arm_fixdfsi.o)
                0x0000000008000b58                __aeabi_d2iz
                0x0000000008000b58                __fixdfsi
 .text          0x0000000008000ba8       0x30 c:/st/stm32cubeide_1.3.0/stm32cubeide/plugins/com.st.stm32cube.ide.mcu.externaltools.gnu-tools-for-stm32.7-2018-q2-update.win32_1.0.0.201904181610/tools/bin/../lib/gcc/arm-none-eabi/7.3.1/thumb/v7e-m/fpv4-sp/hard\libgcc.a(_aeabi_uldivmod.o)
                0x0000000008000ba8                __aeabi_uldivmod
 .text          0x0000000008000bd8      0x2cc c:/st/stm32cubeide_1.3.0/stm32cubeide/plugins/com.st.stm32cube.ide.mcu.externaltools.gnu-tools-for-stm32.7-2018-q2-update.win32_1.0.0.201904181610/tools/bin/../lib/gcc/arm-none-eabi/7.3.1/thumb/v7e-m/fpv4-sp/hard\libgcc.a(_udivmoddi4.o)
                0x0000000008000bd8                __udivmoddi4
 .text          0x0000000008000ea4        0x4 c:/st/stm32cubeide_1.3.0/stm32cubeide/plugins/com.st.stm32cube.ide.mcu.externaltools.gnu-tools-for-stm32.7-2018-q2-update.win32_1.0.0.201904181610/tools/bin/../lib/gcc/arm-none-eabi/7.3.1/thumb/v7e-m/fpv4-sp/hard\libgcc.a(_dvmd_tls.o)
                0x0000000008000ea4                __aeabi_idiv0
                0x0000000008000ea4                __aeabi_ldiv0
 *(.text*)
 .text.__NVIC_SystemReset
                0x0000000008000ea8       0x28 Bootloader/Src/bl.o
 .text.jump_to_user_app
                0x0000000008000ed0       0x30 Bootloader/Src/bl.o
 .text.bl_welcome_message
                0x0000000008000f00       0x14 Bootloader/Src/bl.o
 .text.bl_check_sd_card
                0x0000000008000f14       0x40 Bootloader/Src/bl.o
 .text.bl_open_firmware_file
                0x0000000008000f54       0x80 Bootloader/Src/bl.o
 .text.bl_read_firmware
                0x0000000008000fd4      0x168 Bootloader/Src/bl.o
 .text.bl_flash_unlock
                0x000000000800113c       0x3a Bootloader/Src/bl.o
 .text.bl_flash_lock
                0x0000000008001176       0x3a Bootloader/Src/bl.o
 .text.bl_merge_dword
                0x00000000080011b0       0x4c Bootloader/Src/bl.o
 .text.bl_write_version_to_flash
                0x00000000080011fc       0x68 Bootloader/Src/bl.o
 .text.bl_write_to_flash
                0x0000000008001264       0x8c Bootloader/Src/bl.o
 .text.bl_check_app_sector
                0x00000000080012f0       0x90 Bootloader/Src/bl.o
 .text.bl_check_fw_size
                0x0000000008001380       0x44 Bootloader/Src/bl.o
 .text.bl_check_fw_crc
                0x00000000080013c4       0xa8 Bootloader/Src/bl.o
 .text.bl_rename_fw_file
                0x000000000800146c       0x50 Bootloader/Src/bl.o
 .text.bl_operation_completed
                0x00000000080014bc       0x24 Bootloader/Src/bl.o
 .text.bl_init  0x00000000080014e0       0x68 Bootloader/Src/bl.o
 .text.bl_error_handler
                0x0000000008001548      0x114 Bootloader/Src/bl.o
 .text.bl_machine
                0x000000000800165c       0xb0 Bootloader/Src/bl.o
                0x000000000800165c                bl_machine
 .text.rc_crc32
                0x000000000800170c       0xc8 Bootloader/Src/crc.o
                0x000000000800170c                rc_crc32
 .text.GetSector
                0x00000000080017d4      0x13c Bootloader/Src/flash.o
 .text.GetSectorSize
                0x0000000008001910       0x4e Bootloader/Src/flash.o
                0x0000000008001910                GetSectorSize
 *fill*         0x000000000800195e        0x2 
 .text.flash_unlock_and_erase
                0x0000000008001960      0x108 Bootloader/Src/flash.o
                0x0000000008001960                flash_unlock_and_erase
 .text.flash_lock
                0x0000000008001a68       0x22 Bootloader/Src/flash.o
                0x0000000008001a68                flash_lock
 .text.flash_write
                0x0000000008001a8a       0x42 Bootloader/Src/flash.o
                0x0000000008001a8a                flash_write
 .text.flash_read
                0x0000000008001acc       0x28 Bootloader/Src/flash.o
                0x0000000008001acc                flash_read
 .text.sd_link_driver
                0x0000000008001af4       0x58 Bootloader/Src/sdcard.o
                0x0000000008001af4                sd_link_driver
 .text.sd_mount
                0x0000000008001b4c       0x58 Bootloader/Src/sdcard.o
                0x0000000008001b4c                sd_mount
 .text.sd_file_open_for_read
                0x0000000008001ba4       0x5c Bootloader/Src/sdcard.o
                0x0000000008001ba4                sd_file_open_for_read
 .text.sd_file_close
                0x0000000008001c00       0x1c Bootloader/Src/sdcard.o
                0x0000000008001c00                sd_file_close
 .text.sd_file_rename
                0x0000000008001c1c       0x54 Bootloader/Src/sdcard.o
                0x0000000008001c1c                sd_file_rename
 .text.sd_file_read
                0x0000000008001c70       0x68 Bootloader/Src/sdcard.o
                0x0000000008001c70                sd_file_read
 .text.sd_file_rewind
                0x0000000008001cd8       0x1e Bootloader/Src/sdcard.o
                0x0000000008001cd8                sd_file_rewind
 .text.sd_get_file_size
                0x0000000008001cf6       0x1a Bootloader/Src/sdcard.o
                0x0000000008001cf6                sd_get_file_size
 .text.sd_init  0x0000000008001d10       0x64 Bootloader/Src/sdcard.o
                0x0000000008001d10                sd_init
 .text.MX_GPIO_Init
                0x0000000008001d74      0x140 Core/Src/gpio.o
                0x0000000008001d74                MX_GPIO_Init
 .text.main     0x0000000008001eb4       0x24 Core/Src/main.o
                0x0000000008001eb4                main
 .text.SystemClock_Config
                0x0000000008001ed8       0xd4 Core/Src/main.o
                0x0000000008001ed8                SystemClock_Config
 .text.Error_Handler
                0x0000000008001fac        0xe Core/Src/main.o
                0x0000000008001fac                Error_Handler
 *fill*         0x0000000008001fba        0x2 
 .text.MX_SDIO_SD_Init
                0x0000000008001fbc       0x40 Core/Src/sdio.o
                0x0000000008001fbc                MX_SDIO_SD_Init
 .text.HAL_SD_MspInit
                0x0000000008001ffc       0xd0 Core/Src/sdio.o
                0x0000000008001ffc                HAL_SD_MspInit
 .text.HAL_MspInit
                0x00000000080020cc       0x50 Core/Src/stm32f4xx_hal_msp.o
                0x00000000080020cc                HAL_MspInit
 .text.NMI_Handler
                0x000000000800211c        0xe Core/Src/stm32f4xx_it.o
                0x000000000800211c                NMI_Handler
 .text.HardFault_Handler
                0x000000000800212a        0x6 Core/Src/stm32f4xx_it.o
                0x000000000800212a                HardFault_Handler
 .text.MemManage_Handler
                0x0000000008002130        0x6 Core/Src/stm32f4xx_it.o
                0x0000000008002130                MemManage_Handler
 .text.BusFault_Handler
                0x0000000008002136        0x6 Core/Src/stm32f4xx_it.o
                0x0000000008002136                BusFault_Handler
 .text.UsageFault_Handler
                0x000000000800213c        0x6 Core/Src/stm32f4xx_it.o
                0x000000000800213c                UsageFault_Handler
 .text.SVC_Handler
                0x0000000008002142        0xe Core/Src/stm32f4xx_it.o
                0x0000000008002142                SVC_Handler
 .text.DebugMon_Handler
                0x0000000008002150        0xe Core/Src/stm32f4xx_it.o
                0x0000000008002150                DebugMon_Handler
 .text.PendSV_Handler
                0x000000000800215e        0xe Core/Src/stm32f4xx_it.o
                0x000000000800215e                PendSV_Handler
 .text.SysTick_Handler
                0x000000000800216c        0xc Core/Src/stm32f4xx_it.o
                0x000000000800216c                SysTick_Handler
 .text.ITM_SendChar
                0x0000000008002178       0x4e Core/Src/syscalls.o
 .text._read    0x00000000080021c6       0x3a Core/Src/syscalls.o
                0x00000000080021c6                _read
 .text._write   0x0000000008002200       0x38 Core/Src/syscalls.o
                0x0000000008002200                _write
 .text._close   0x0000000008002238       0x18 Core/Src/syscalls.o
                0x0000000008002238                _close
 .text._fstat   0x0000000008002250       0x20 Core/Src/syscalls.o
                0x0000000008002250                _fstat
 .text._isatty  0x0000000008002270       0x16 Core/Src/syscalls.o
                0x0000000008002270                _isatty
 .text._lseek   0x0000000008002286       0x1a Core/Src/syscalls.o
                0x0000000008002286                _lseek
 .text._sbrk    0x00000000080022a0       0x58 Core/Src/sysmem.o
                0x00000000080022a0                _sbrk
 .text.SystemInit
                0x00000000080022f8       0x2c Core/Src/system_stm32f4xx.o
                0x00000000080022f8                SystemInit
 .text.Reset_Handler
                0x0000000008002324       0x50 Core/Startup/startup_stm32f407ighx.o
                0x0000000008002324                Reset_Handler
 .text.Default_Handler
                0x0000000008002374        0x2 Core/Startup/startup_stm32f407ighx.o
                0x0000000008002374                RTC_Alarm_IRQHandler
                0x0000000008002374                HASH_RNG_IRQHandler
                0x0000000008002374                EXTI2_IRQHandler
                0x0000000008002374                TIM8_CC_IRQHandler
                0x0000000008002374                TIM1_CC_IRQHandler
                0x0000000008002374                DMA2_Stream5_IRQHandler
                0x0000000008002374                DMA1_Stream5_IRQHandler
                0x0000000008002374                PVD_IRQHandler
                0x0000000008002374                SDIO_IRQHandler
                0x0000000008002374                TAMP_STAMP_IRQHandler
                0x0000000008002374                CAN2_RX1_IRQHandler
                0x0000000008002374                EXTI3_IRQHandler
                0x0000000008002374                TIM8_TRG_COM_TIM14_IRQHandler
                0x0000000008002374                TIM1_UP_TIM10_IRQHandler
                0x0000000008002374                TIM8_UP_TIM13_IRQHandler
                0x0000000008002374                I2C3_ER_IRQHandler
                0x0000000008002374                EXTI0_IRQHandler
                0x0000000008002374                I2C2_EV_IRQHandler
                0x0000000008002374                DMA1_Stream2_IRQHandler
                0x0000000008002374                CAN1_RX0_IRQHandler
                0x0000000008002374                FPU_IRQHandler
                0x0000000008002374                OTG_HS_WKUP_IRQHandler
                0x0000000008002374                CAN2_SCE_IRQHandler
                0x0000000008002374                DMA2_Stream2_IRQHandler
                0x0000000008002374                SPI1_IRQHandler
                0x0000000008002374                TIM6_DAC_IRQHandler
                0x0000000008002374                TIM1_BRK_TIM9_IRQHandler
                0x0000000008002374                DCMI_IRQHandler
                0x0000000008002374                CAN2_RX0_IRQHandler
                0x0000000008002374                DMA2_Stream3_IRQHandler
                0x0000000008002374                USART6_IRQHandler
                0x0000000008002374                USART3_IRQHandler
                0x0000000008002374                CAN1_RX1_IRQHandler
                0x0000000008002374                UART5_IRQHandler
                0x0000000008002374                DMA2_Stream0_IRQHandler
                0x0000000008002374                TIM4_IRQHandler
                0x0000000008002374                I2C1_EV_IRQHandler
                0x0000000008002374                DMA1_Stream6_IRQHandler
                0x0000000008002374                DMA1_Stream1_IRQHandler
                0x0000000008002374                UART4_IRQHandler
                0x0000000008002374                TIM3_IRQHandler
                0x0000000008002374                RCC_IRQHandler
                0x0000000008002374                TIM8_BRK_TIM12_IRQHandler
                0x0000000008002374                Default_Handler
                0x0000000008002374                EXTI15_10_IRQHandler
                0x0000000008002374                ADC_IRQHandler
                0x0000000008002374                DMA1_Stream7_IRQHandler
                0x0000000008002374                TIM7_IRQHandler
                0x0000000008002374                CAN2_TX_IRQHandler
                0x0000000008002374                TIM5_IRQHandler
                0x0000000008002374                DMA2_Stream7_IRQHandler
                0x0000000008002374                I2C3_EV_IRQHandler
                0x0000000008002374                EXTI9_5_IRQHandler
                0x0000000008002374                RTC_WKUP_IRQHandler
                0x0000000008002374                ETH_WKUP_IRQHandler
                0x0000000008002374                SPI2_IRQHandler
                0x0000000008002374                OTG_HS_EP1_IN_IRQHandler
                0x0000000008002374                DMA1_Stream0_IRQHandler
                0x0000000008002374                CAN1_TX_IRQHandler
                0x0000000008002374                EXTI4_IRQHandler
                0x0000000008002374                FSMC_IRQHandler
                0x0000000008002374                ETH_IRQHandler
                0x0000000008002374                OTG_HS_EP1_OUT_IRQHandler
                0x0000000008002374                WWDG_IRQHandler
                0x0000000008002374                TIM2_IRQHandler
                0x0000000008002374                OTG_FS_WKUP_IRQHandler
                0x0000000008002374                TIM1_TRG_COM_TIM11_IRQHandler
                0x0000000008002374                OTG_HS_IRQHandler
                0x0000000008002374                EXTI1_IRQHandler
                0x0000000008002374                USART2_IRQHandler
                0x0000000008002374                I2C2_ER_IRQHandler
                0x0000000008002374                DMA2_Stream1_IRQHandler
                0x0000000008002374                CAN1_SCE_IRQHandler
                0x0000000008002374                FLASH_IRQHandler
                0x0000000008002374                DMA2_Stream4_IRQHandler
                0x0000000008002374                USART1_IRQHandler
                0x0000000008002374                OTG_FS_IRQHandler
                0x0000000008002374                SPI3_IRQHandler
                0x0000000008002374                DMA1_Stream4_IRQHandler
                0x0000000008002374                I2C1_ER_IRQHandler
                0x0000000008002374                DMA2_Stream6_IRQHandler
                0x0000000008002374                DMA1_Stream3_IRQHandler
 *fill*         0x0000000008002376        0x2 
 .text.HAL_Init
                0x0000000008002378       0x44 Drivers/STM32F4xx_HAL_Driver/Src/stm32f4xx_hal.o
                0x0000000008002378                HAL_Init
 .text.HAL_InitTick
                0x00000000080023bc       0x60 Drivers/STM32F4xx_HAL_Driver/Src/stm32f4xx_hal.o
                0x00000000080023bc                HAL_InitTick
 .text.HAL_IncTick
                0x000000000800241c       0x28 Drivers/STM32F4xx_HAL_Driver/Src/stm32f4xx_hal.o
                0x000000000800241c                HAL_IncTick
 .text.HAL_GetTick
                0x0000000008002444       0x18 Drivers/STM32F4xx_HAL_Driver/Src/stm32f4xx_hal.o
                0x0000000008002444                HAL_GetTick
 .text.HAL_Delay
                0x000000000800245c       0x44 Drivers/STM32F4xx_HAL_Driver/Src/stm32f4xx_hal.o
                0x000000000800245c                HAL_Delay
 .text.__NVIC_SetPriorityGrouping
                0x00000000080024a0       0x48 Drivers/STM32F4xx_HAL_Driver/Src/stm32f4xx_hal_cortex.o
 .text.__NVIC_GetPriorityGrouping
                0x00000000080024e8       0x1c Drivers/STM32F4xx_HAL_Driver/Src/stm32f4xx_hal_cortex.o
 .text.__NVIC_SetPriority
                0x0000000008002504       0x54 Drivers/STM32F4xx_HAL_Driver/Src/stm32f4xx_hal_cortex.o
 .text.NVIC_EncodePriority
                0x0000000008002558       0x66 Drivers/STM32F4xx_HAL_Driver/Src/stm32f4xx_hal_cortex.o
 *fill*         0x00000000080025be        0x2 
 .text.SysTick_Config
                0x00000000080025c0       0x44 Drivers/STM32F4xx_HAL_Driver/Src/stm32f4xx_hal_cortex.o
 .text.HAL_NVIC_SetPriorityGrouping
                0x0000000008002604       0x16 Drivers/STM32F4xx_HAL_Driver/Src/stm32f4xx_hal_cortex.o
                0x0000000008002604                HAL_NVIC_SetPriorityGrouping
 .text.HAL_NVIC_SetPriority
                0x000000000800261a       0x38 Drivers/STM32F4xx_HAL_Driver/Src/stm32f4xx_hal_cortex.o
                0x000000000800261a                HAL_NVIC_SetPriority
 .text.HAL_SYSTICK_Config
                0x0000000008002652       0x18 Drivers/STM32F4xx_HAL_Driver/Src/stm32f4xx_hal_cortex.o
                0x0000000008002652                HAL_SYSTICK_Config
 *fill*         0x000000000800266a        0x2 
 .text.HAL_FLASH_Program
                0x000000000800266c       0xa8 Drivers/STM32F4xx_HAL_Driver/Src/stm32f4xx_hal_flash.o
                0x000000000800266c                HAL_FLASH_Program
 .text.HAL_FLASH_Unlock
                0x0000000008002714       0x44 Drivers/STM32F4xx_HAL_Driver/Src/stm32f4xx_hal_flash.o
                0x0000000008002714                HAL_FLASH_Unlock
 .text.HAL_FLASH_Lock
                0x0000000008002758       0x20 Drivers/STM32F4xx_HAL_Driver/Src/stm32f4xx_hal_flash.o
                0x0000000008002758                HAL_FLASH_Lock
 .text.FLASH_WaitForLastOperation
                0x0000000008002778       0x80 Drivers/STM32F4xx_HAL_Driver/Src/stm32f4xx_hal_flash.o
                0x0000000008002778                FLASH_WaitForLastOperation
 .text.FLASH_Program_DoubleWord
                0x00000000080027f8       0x60 Drivers/STM32F4xx_HAL_Driver/Src/stm32f4xx_hal_flash.o
 .text.FLASH_Program_Word
                0x0000000008002858       0x44 Drivers/STM32F4xx_HAL_Driver/Src/stm32f4xx_hal_flash.o
 .text.FLASH_Program_HalfWord
                0x000000000800289c       0x48 Drivers/STM32F4xx_HAL_Driver/Src/stm32f4xx_hal_flash.o
 .text.FLASH_Program_Byte
                0x00000000080028e4       0x44 Drivers/STM32F4xx_HAL_Driver/Src/stm32f4xx_hal_flash.o
 .text.FLASH_SetErrorCode
                0x0000000008002928       0xac Drivers/STM32F4xx_HAL_Driver/Src/stm32f4xx_hal_flash.o
 .text.HAL_FLASHEx_Erase
                0x00000000080029d4       0xe0 Drivers/STM32F4xx_HAL_Driver/Src/stm32f4xx_hal_flash_ex.o
                0x00000000080029d4                HAL_FLASHEx_Erase
 .text.FLASH_MassErase
                0x0000000008002ab4       0x48 Drivers/STM32F4xx_HAL_Driver/Src/stm32f4xx_hal_flash_ex.o
 .text.FLASH_Erase_Sector
                0x0000000008002afc       0x90 Drivers/STM32F4xx_HAL_Driver/Src/stm32f4xx_hal_flash_ex.o
                0x0000000008002afc                FLASH_Erase_Sector
 .text.FLASH_FlushCaches
                0x0000000008002b8c       0x8c Drivers/STM32F4xx_HAL_Driver/Src/stm32f4xx_hal_flash_ex.o
                0x0000000008002b8c                FLASH_FlushCaches
 .text.HAL_GPIO_Init
                0x0000000008002c18      0x334 Drivers/STM32F4xx_HAL_Driver/Src/stm32f4xx_hal_gpio.o
                0x0000000008002c18                HAL_GPIO_Init
 .text.HAL_GPIO_ReadPin
                0x0000000008002f4c       0x30 Drivers/STM32F4xx_HAL_Driver/Src/stm32f4xx_hal_gpio.o
                0x0000000008002f4c                HAL_GPIO_ReadPin
 .text.HAL_GPIO_WritePin
                0x0000000008002f7c       0x32 Drivers/STM32F4xx_HAL_Driver/Src/stm32f4xx_hal_gpio.o
                0x0000000008002f7c                HAL_GPIO_WritePin
 .text.HAL_GPIO_TogglePin
                0x0000000008002fae       0x36 Drivers/STM32F4xx_HAL_Driver/Src/stm32f4xx_hal_gpio.o
                0x0000000008002fae                HAL_GPIO_TogglePin
 .text.HAL_RCC_OscConfig
                0x0000000008002fe4      0x4e0 Drivers/STM32F4xx_HAL_Driver/Src/stm32f4xx_hal_rcc.o
                0x0000000008002fe4                HAL_RCC_OscConfig
 .text.HAL_RCC_ClockConfig
                0x00000000080034c4      0x1cc Drivers/STM32F4xx_HAL_Driver/Src/stm32f4xx_hal_rcc.o
                0x00000000080034c4                HAL_RCC_ClockConfig
 .text.HAL_RCC_GetSysClockFreq
                0x0000000008003690      0x164 Drivers/STM32F4xx_HAL_Driver/Src/stm32f4xx_hal_rcc.o
                0x0000000008003690                HAL_RCC_GetSysClockFreq
 .text.HAL_SD_Init
                0x00000000080037f4       0x60 Drivers/STM32F4xx_HAL_Driver/Src/stm32f4xx_hal_sd.o
                0x00000000080037f4                HAL_SD_Init
 .text.HAL_SD_InitCard
                0x0000000008003854       0xc0 Drivers/STM32F4xx_HAL_Driver/Src/stm32f4xx_hal_sd.o
                0x0000000008003854                HAL_SD_InitCard
 .text.HAL_SD_ReadBlocks
                0x0000000008003914      0x3f4 Drivers/STM32F4xx_HAL_Driver/Src/stm32f4xx_hal_sd.o
                0x0000000008003914                HAL_SD_ReadBlocks
 .text.HAL_SD_WriteBlocks
                0x0000000008003d08      0x344 Drivers/STM32F4xx_HAL_Driver/Src/stm32f4xx_hal_sd.o
                0x0000000008003d08                HAL_SD_WriteBlocks
 .text.HAL_SD_GetCardCSD
                0x000000000800404c      0x348 Drivers/STM32F4xx_HAL_Driver/Src/stm32f4xx_hal_sd.o
                0x000000000800404c                HAL_SD_GetCardCSD
 .text.HAL_SD_GetCardInfo
                0x0000000008004394       0x58 Drivers/STM32F4xx_HAL_Driver/Src/stm32f4xx_hal_sd.o
                0x0000000008004394                HAL_SD_GetCardInfo
 .text.HAL_SD_GetCardState
                0x00000000080043ec       0x40 Drivers/STM32F4xx_HAL_Driver/Src/stm32f4xx_hal_sd.o
                0x00000000080043ec                HAL_SD_GetCardState
 .text.SD_InitCard
                0x000000000800442c      0x19a Drivers/STM32F4xx_HAL_Driver/Src/stm32f4xx_hal_sd.o
 *fill*         0x00000000080045c6        0x2 
 .text.SD_PowerON
                0x00000000080045c8      0x11c Drivers/STM32F4xx_HAL_Driver/Src/stm32f4xx_hal_sd.o
 .text.SD_SendStatus
                0x00000000080046e4       0x50 Drivers/STM32F4xx_HAL_Driver/Src/stm32f4xx_hal_sd.o
 .text.SDIO_Init
                0x0000000008004734       0x56 Drivers/STM32F4xx_HAL_Driver/Src/stm32f4xx_ll_sdmmc.o
                0x0000000008004734                SDIO_Init
 .text.SDIO_ReadFIFO
                0x000000000800478a       0x1a Drivers/STM32F4xx_HAL_Driver/Src/stm32f4xx_ll_sdmmc.o
                0x000000000800478a                SDIO_ReadFIFO
 .text.SDIO_WriteFIFO
                0x00000000080047a4       0x22 Drivers/STM32F4xx_HAL_Driver/Src/stm32f4xx_ll_sdmmc.o
                0x00000000080047a4                SDIO_WriteFIFO
 .text.SDIO_PowerState_ON
                0x00000000080047c6       0x1e Drivers/STM32F4xx_HAL_Driver/Src/stm32f4xx_ll_sdmmc.o
                0x00000000080047c6                SDIO_PowerState_ON
 .text.SDIO_GetPowerState
                0x00000000080047e4       0x1c Drivers/STM32F4xx_HAL_Driver/Src/stm32f4xx_ll_sdmmc.o
                0x00000000080047e4                SDIO_GetPowerState
 .text.SDIO_SendCommand
                0x0000000008004800       0x54 Drivers/STM32F4xx_HAL_Driver/Src/stm32f4xx_ll_sdmmc.o
                0x0000000008004800                SDIO_SendCommand
 .text.SDIO_GetCommandResponse
                0x0000000008004854       0x1a Drivers/STM32F4xx_HAL_Driver/Src/stm32f4xx_ll_sdmmc.o
                0x0000000008004854                SDIO_GetCommandResponse
 .text.SDIO_GetResponse
                0x000000000800486e       0x26 Drivers/STM32F4xx_HAL_Driver/Src/stm32f4xx_ll_sdmmc.o
                0x000000000800486e                SDIO_GetResponse
 .text.SDIO_ConfigData
                0x0000000008004894       0x58 Drivers/STM32F4xx_HAL_Driver/Src/stm32f4xx_ll_sdmmc.o
                0x0000000008004894                SDIO_ConfigData
 .text.SDMMC_CmdBlockLength
                0x00000000080048ec       0x44 Drivers/STM32F4xx_HAL_Driver/Src/stm32f4xx_ll_sdmmc.o
                0x00000000080048ec                SDMMC_CmdBlockLength
 .text.SDMMC_CmdReadSingleBlock
                0x0000000008004930       0x44 Drivers/STM32F4xx_HAL_Driver/Src/stm32f4xx_ll_sdmmc.o
                0x0000000008004930                SDMMC_CmdReadSingleBlock
 .text.SDMMC_CmdReadMultiBlock
                0x0000000008004974       0x44 Drivers/STM32F4xx_HAL_Driver/Src/stm32f4xx_ll_sdmmc.o
                0x0000000008004974                SDMMC_CmdReadMultiBlock
 .text.SDMMC_CmdWriteSingleBlock
                0x00000000080049b8       0x44 Drivers/STM32F4xx_HAL_Driver/Src/stm32f4xx_ll_sdmmc.o
                0x00000000080049b8                SDMMC_CmdWriteSingleBlock
 .text.SDMMC_CmdWriteMultiBlock
                0x00000000080049fc       0x44 Drivers/STM32F4xx_HAL_Driver/Src/stm32f4xx_ll_sdmmc.o
                0x00000000080049fc                SDMMC_CmdWriteMultiBlock
 .text.SDMMC_CmdStopTransfer
                0x0000000008004a40       0x44 Drivers/STM32F4xx_HAL_Driver/Src/stm32f4xx_ll_sdmmc.o
                0x0000000008004a40                SDMMC_CmdStopTransfer
 .text.SDMMC_CmdSelDesel
                0x0000000008004a84       0x46 Drivers/STM32F4xx_HAL_Driver/Src/stm32f4xx_ll_sdmmc.o
                0x0000000008004a84                SDMMC_CmdSelDesel
 .text.SDMMC_CmdGoIdleState
                0x0000000008004aca       0x3c Drivers/STM32F4xx_HAL_Driver/Src/stm32f4xx_ll_sdmmc.o
                0x0000000008004aca                SDMMC_CmdGoIdleState
 .text.SDMMC_CmdOperCond
                0x0000000008004b06       0x3e Drivers/STM32F4xx_HAL_Driver/Src/stm32f4xx_ll_sdmmc.o
                0x0000000008004b06                SDMMC_CmdOperCond
 .text.SDMMC_CmdAppCommand
                0x0000000008004b44       0x44 Drivers/STM32F4xx_HAL_Driver/Src/stm32f4xx_ll_sdmmc.o
                0x0000000008004b44                SDMMC_CmdAppCommand
 .text.SDMMC_CmdAppOperCommand
                0x0000000008004b88       0x46 Drivers/STM32F4xx_HAL_Driver/Src/stm32f4xx_ll_sdmmc.o
                0x0000000008004b88                SDMMC_CmdAppOperCommand
 .text.SDMMC_CmdSendCID
                0x0000000008004bce       0x3c Drivers/STM32F4xx_HAL_Driver/Src/stm32f4xx_ll_sdmmc.o
                0x0000000008004bce                SDMMC_CmdSendCID
 .text.SDMMC_CmdSendCSD
                0x0000000008004c0a       0x3e Drivers/STM32F4xx_HAL_Driver/Src/stm32f4xx_ll_sdmmc.o
                0x0000000008004c0a                SDMMC_CmdSendCSD
 .text.SDMMC_CmdSetRelAdd
                0x0000000008004c48       0x42 Drivers/STM32F4xx_HAL_Driver/Src/stm32f4xx_ll_sdmmc.o
                0x0000000008004c48                SDMMC_CmdSetRelAdd
 .text.SDMMC_CmdSendStatus
                0x0000000008004c8a       0x44 Drivers/STM32F4xx_HAL_Driver/Src/stm32f4xx_ll_sdmmc.o
                0x0000000008004c8a                SDMMC_CmdSendStatus
 *fill*         0x0000000008004cce        0x2 
 .text.SDMMC_GetCmdError
                0x0000000008004cd0       0x50 Drivers/STM32F4xx_HAL_Driver/Src/stm32f4xx_ll_sdmmc.o
 .text.SDMMC_GetCmdResp1
                0x0000000008004d20      0x1d8 Drivers/STM32F4xx_HAL_Driver/Src/stm32f4xx_ll_sdmmc.o
 .text.SDMMC_GetCmdResp2
                0x0000000008004ef8       0x8c Drivers/STM32F4xx_HAL_Driver/Src/stm32f4xx_ll_sdmmc.o
 .text.SDMMC_GetCmdResp3
                0x0000000008004f84       0x74 Drivers/STM32F4xx_HAL_Driver/Src/stm32f4xx_ll_sdmmc.o
 .text.SDMMC_GetCmdResp6
                0x0000000008004ff8       0xe8 Drivers/STM32F4xx_HAL_Driver/Src/stm32f4xx_ll_sdmmc.o
 .text.SDMMC_GetCmdResp7
                0x00000000080050e0       0x98 Drivers/STM32F4xx_HAL_Driver/Src/stm32f4xx_ll_sdmmc.o
 .text.MX_FATFS_Init
                0x0000000008005178        0xe FATFS/App/fatfs.o
                0x0000000008005178                MX_FATFS_Init
 .text.get_fattime
                0x0000000008005186       0x10 FATFS/App/fatfs.o
                0x0000000008005186                get_fattime
 *fill*         0x0000000008005196        0x2 
 .text.BSP_SD_Init
                0x0000000008005198       0x30 FATFS/Target/bsp_driver_sd.o
                0x0000000008005198                BSP_SD_Init
 .text.BSP_SD_ReadBlocks
                0x00000000080051c8       0x3c FATFS/Target/bsp_driver_sd.o
                0x00000000080051c8                BSP_SD_ReadBlocks
 .text.BSP_SD_WriteBlocks
                0x0000000008005204       0x3c FATFS/Target/bsp_driver_sd.o
                0x0000000008005204                BSP_SD_WriteBlocks
 .text.BSP_SD_GetCardState
                0x0000000008005240       0x20 FATFS/Target/bsp_driver_sd.o
                0x0000000008005240                BSP_SD_GetCardState
 .text.BSP_SD_GetCardInfo
                0x0000000008005260       0x1c FATFS/Target/bsp_driver_sd.o
                0x0000000008005260                BSP_SD_GetCardInfo
 .text.BSP_SD_IsDetected
                0x000000000800527c       0x24 FATFS/Target/bsp_driver_sd.o
                0x000000000800527c                BSP_SD_IsDetected
 .text.BSP_PlatformIsDetected
                0x00000000080052a0       0x2c FATFS/Target/fatfs_platform.o
                0x00000000080052a0                BSP_PlatformIsDetected
 .text.SD_CheckStatus
                0x00000000080052cc       0x3c FATFS/Target/sd_diskio.o
 .text.SD_initialize
                0x0000000008005308       0x3c FATFS/Target/sd_diskio.o
                0x0000000008005308                SD_initialize
 .text.SD_status
                0x0000000008005344       0x1c FATFS/Target/sd_diskio.o
                0x0000000008005344                SD_status
 .text.SD_read  0x0000000008005360       0x42 FATFS/Target/sd_diskio.o
                0x0000000008005360                SD_read
 .text.SD_write
                0x00000000080053a2       0x42 FATFS/Target/sd_diskio.o
                0x00000000080053a2                SD_write
 .text.SD_ioctl
                0x00000000080053e4       0xb0 FATFS/Target/sd_diskio.o
                0x00000000080053e4                SD_ioctl
 .text.disk_status
                0x0000000008005494       0x34 Middlewares/Third_Party/FatFs/src/diskio.o
                0x0000000008005494                disk_status
 .text.disk_initialize
                0x00000000080054c8       0x4c Middlewares/Third_Party/FatFs/src/diskio.o
                0x00000000080054c8                disk_initialize
 .text.disk_read
                0x0000000008005514       0x40 Middlewares/Third_Party/FatFs/src/diskio.o
                0x0000000008005514                disk_read
 .text.disk_write
                0x0000000008005554       0x40 Middlewares/Third_Party/FatFs/src/diskio.o
                0x0000000008005554                disk_write
 .text.disk_ioctl
                0x0000000008005594       0x3c Middlewares/Third_Party/FatFs/src/diskio.o
                0x0000000008005594                disk_ioctl
 .text.ld_word  0x00000000080055d0       0x30 Middlewares/Third_Party/FatFs/src/ff.o
 .text.ld_dword
                0x0000000008005600       0x46 Middlewares/Third_Party/FatFs/src/ff.o
 .text.st_word  0x0000000008005646       0x36 Middlewares/Third_Party/FatFs/src/ff.o
 .text.st_dword
                0x000000000800567c       0x58 Middlewares/Third_Party/FatFs/src/ff.o
 .text.mem_cpy  0x00000000080056d4       0x42 Middlewares/Third_Party/FatFs/src/ff.o
 .text.mem_set  0x0000000008005716       0x34 Middlewares/Third_Party/FatFs/src/ff.o
 .text.mem_cmp  0x000000000800574a       0x4e Middlewares/Third_Party/FatFs/src/ff.o
 .text.chk_chr  0x0000000008005798       0x36 Middlewares/Third_Party/FatFs/src/ff.o
 *fill*         0x00000000080057ce        0x2 
 .text.chk_lock
                0x00000000080057d0       0xb8 Middlewares/Third_Party/FatFs/src/ff.o
 .text.enq_lock
                0x0000000008005888       0x44 Middlewares/Third_Party/FatFs/src/ff.o
 .text.inc_lock
                0x00000000080058cc      0x11c Middlewares/Third_Party/FatFs/src/ff.o
 .text.dec_lock
                0x00000000080059e8       0x78 Middlewares/Third_Party/FatFs/src/ff.o
 .text.clear_lock
                0x0000000008005a60       0x48 Middlewares/Third_Party/FatFs/src/ff.o
 .text.sync_window
                0x0000000008005aa8       0x88 Middlewares/Third_Party/FatFs/src/ff.o
 .text.move_window
                0x0000000008005b30       0x5a Middlewares/Third_Party/FatFs/src/ff.o
 *fill*         0x0000000008005b8a        0x2 
 .text.sync_fs  0x0000000008005b8c       0xdc Middlewares/Third_Party/FatFs/src/ff.o
 .text.clust2sect
                0x0000000008005c68       0x3e Middlewares/Third_Party/FatFs/src/ff.o
 .text.get_fat  0x0000000008005ca6      0x14a Middlewares/Third_Party/FatFs/src/ff.o
 .text.put_fat  0x0000000008005df0      0x1ce Middlewares/Third_Party/FatFs/src/ff.o
 .text.remove_chain
                0x0000000008005fbe       0xca Middlewares/Third_Party/FatFs/src/ff.o
 .text.create_chain
                0x0000000008006088      0x130 Middlewares/Third_Party/FatFs/src/ff.o
 .text.clmt_clust
                0x00000000080061b8       0x68 Middlewares/Third_Party/FatFs/src/ff.o
 .text.dir_sdi  0x0000000008006220       0xf6 Middlewares/Third_Party/FatFs/src/ff.o
 .text.dir_next
                0x0000000008006316      0x18a Middlewares/Third_Party/FatFs/src/ff.o
 .text.dir_alloc
                0x00000000080064a0       0x8e Middlewares/Third_Party/FatFs/src/ff.o
 .text.ld_clust
                0x000000000800652e       0x3e Middlewares/Third_Party/FatFs/src/ff.o
 .text.st_clust
                0x000000000800656c       0x40 Middlewares/Third_Party/FatFs/src/ff.o
 .text.cmp_lfn  0x00000000080065ac       0xe0 Middlewares/Third_Party/FatFs/src/ff.o
 .text.put_lfn  0x000000000800668c       0xd0 Middlewares/Third_Party/FatFs/src/ff.o
 .text.gen_numname
                0x000000000800675c      0x11e Middlewares/Third_Party/FatFs/src/ff.o
 .text.sum_sfn  0x000000000800687a       0x42 Middlewares/Third_Party/FatFs/src/ff.o
 .text.dir_find
                0x00000000080068bc      0x180 Middlewares/Third_Party/FatFs/src/ff.o
 .text.dir_register
                0x0000000008006a3c      0x1f0 Middlewares/Third_Party/FatFs/src/ff.o
 .text.dir_remove
                0x0000000008006c2c       0x94 Middlewares/Third_Party/FatFs/src/ff.o
 .text.create_name
                0x0000000008006cc0      0x370 Middlewares/Third_Party/FatFs/src/ff.o
 .text.follow_path
                0x0000000008007030       0xe2 Middlewares/Third_Party/FatFs/src/ff.o
 .text.get_ldnumber
                0x0000000008007112       0x88 Middlewares/Third_Party/FatFs/src/ff.o
 *fill*         0x000000000800719a        0x2 
 .text.check_fs
                0x000000000800719c       0xac Middlewares/Third_Party/FatFs/src/ff.o
 .text.find_volume
                0x0000000008007248      0x4a4 Middlewares/Third_Party/FatFs/src/ff.o
 .text.validate
                0x00000000080076ec       0x6a Middlewares/Third_Party/FatFs/src/ff.o
 *fill*         0x0000000008007756        0x2 
 .text.f_mount  0x0000000008007758       0x8c Middlewares/Third_Party/FatFs/src/ff.o
                0x0000000008007758                f_mount
 .text.f_open   0x00000000080077e4      0x37c Middlewares/Third_Party/FatFs/src/ff.o
                0x00000000080077e4                f_open
 .text.f_read   0x0000000008007b60      0x27e Middlewares/Third_Party/FatFs/src/ff.o
                0x0000000008007b60                f_read
 .text.f_sync   0x0000000008007dde       0xfc Middlewares/Third_Party/FatFs/src/ff.o
                0x0000000008007dde                f_sync
 .text.f_close  0x0000000008007eda       0x54 Middlewares/Third_Party/FatFs/src/ff.o
                0x0000000008007eda                f_close
 .text.f_lseek  0x0000000008007f2e      0x412 Middlewares/Third_Party/FatFs/src/ff.o
                0x0000000008007f2e                f_lseek
 .text.f_rename
                0x0000000008008340      0x1f2 Middlewares/Third_Party/FatFs/src/ff.o
                0x0000000008008340                f_rename
 *fill*         0x0000000008008532        0x2 
 .text.FATFS_LinkDriverEx
                0x0000000008008534       0x98 Middlewares/Third_Party/FatFs/src/ff_gen_drv.o
                0x0000000008008534                FATFS_LinkDriverEx
 .text.FATFS_LinkDriver
                0x00000000080085cc       0x1e Middlewares/Third_Party/FatFs/src/ff_gen_drv.o
                0x00000000080085cc                FATFS_LinkDriver
 *fill*         0x00000000080085ea        0x2 
 .text.ff_convert
                0x00000000080085ec       0x78 Middlewares/Third_Party/FatFs/src/option/ccsbcs.o
                0x00000000080085ec                ff_convert
 .text.ff_wtoupper
                0x0000000008008664      0x114 Middlewares/Third_Party/FatFs/src/option/ccsbcs.o
                0x0000000008008664                ff_wtoupper
 .text.__errno  0x0000000008008778        0xc c:/st/stm32cubeide_1.3.0/stm32cubeide/plugins/com.st.stm32cube.ide.mcu.externaltools.gnu-tools-for-stm32.7-2018-q2-update.win32_1.0.0.201904181610/tools/bin/../lib/gcc/arm-none-eabi/7.3.1/../../../../arm-none-eabi/lib/thumb/v7e-m/fpv4-sp/hard\libc_nano.a(lib_a-errno.o)
                0x0000000008008778                __errno
 .text.__libc_init_array
                0x0000000008008784       0x48 c:/st/stm32cubeide_1.3.0/stm32cubeide/plugins/com.st.stm32cube.ide.mcu.externaltools.gnu-tools-for-stm32.7-2018-q2-update.win32_1.0.0.201904181610/tools/bin/../lib/gcc/arm-none-eabi/7.3.1/../../../../arm-none-eabi/lib/thumb/v7e-m/fpv4-sp/hard\libc_nano.a(lib_a-init.o)
                0x0000000008008784                __libc_init_array
 .text.memset   0x00000000080087cc       0x10 c:/st/stm32cubeide_1.3.0/stm32cubeide/plugins/com.st.stm32cube.ide.mcu.externaltools.gnu-tools-for-stm32.7-2018-q2-update.win32_1.0.0.201904181610/tools/bin/../lib/gcc/arm-none-eabi/7.3.1/../../../../arm-none-eabi/lib/thumb/v7e-m/fpv4-sp/hard\libc_nano.a(lib_a-memset.o)
                0x00000000080087cc                memset
 .text.__cvt    0x00000000080087dc       0xc2 c:/st/stm32cubeide_1.3.0/stm32cubeide/plugins/com.st.stm32cube.ide.mcu.externaltools.gnu-tools-for-stm32.7-2018-q2-update.win32_1.0.0.201904181610/tools/bin/../lib/gcc/arm-none-eabi/7.3.1/../../../../arm-none-eabi/lib/thumb/v7e-m/fpv4-sp/hard\libc_nano.a(lib_a-nano-vfprintf_float.o)
                0x00000000080087dc                __cvt
 .text.__exponent
                0x000000000800889e       0x66 c:/st/stm32cubeide_1.3.0/stm32cubeide/plugins/com.st.stm32cube.ide.mcu.externaltools.gnu-tools-for-stm32.7-2018-q2-update.win32_1.0.0.201904181610/tools/bin/../lib/gcc/arm-none-eabi/7.3.1/../../../../arm-none-eabi/lib/thumb/v7e-m/fpv4-sp/hard\libc_nano.a(lib_a-nano-vfprintf_float.o)
                0x000000000800889e                __exponent
 .text._printf_float
                0x0000000008008904      0x480 c:/st/stm32cubeide_1.3.0/stm32cubeide/plugins/com.st.stm32cube.ide.mcu.externaltools.gnu-tools-for-stm32.7-2018-q2-update.win32_1.0.0.201904181610/tools/bin/../lib/gcc/arm-none-eabi/7.3.1/../../../../arm-none-eabi/lib/thumb/v7e-m/fpv4-sp/hard\libc_nano.a(lib_a-nano-vfprintf_float.o)
                0x0000000008008904                _printf_float
 .text._printf_common
                0x0000000008008d84       0xea c:/st/stm32cubeide_1.3.0/stm32cubeide/plugins/com.st.stm32cube.ide.mcu.externaltools.gnu-tools-for-stm32.7-2018-q2-update.win32_1.0.0.201904181610/tools/bin/../lib/gcc/arm-none-eabi/7.3.1/../../../../arm-none-eabi/lib/thumb/v7e-m/fpv4-sp/hard\libc_nano.a(lib_a-nano-vfprintf_i.o)
                0x0000000008008d84                _printf_common
 *fill*         0x0000000008008e6e        0x2 
 .text._printf_i
                0x0000000008008e70      0x224 c:/st/stm32cubeide_1.3.0/stm32cubeide/plugins/com.st.stm32cube.ide.mcu.externaltools.gnu-tools-for-stm32.7-2018-q2-update.win32_1.0.0.201904181610/tools/bin/../lib/gcc/arm-none-eabi/7.3.1/../../../../arm-none-eabi/lib/thumb/v7e-m/fpv4-sp/hard\libc_nano.a(lib_a-nano-vfprintf_i.o)
                0x0000000008008e70                _printf_i
 .text.printf   0x0000000008009094       0x30 c:/st/stm32cubeide_1.3.0/stm32cubeide/plugins/com.st.stm32cube.ide.mcu.externaltools.gnu-tools-for-stm32.7-2018-q2-update.win32_1.0.0.201904181610/tools/bin/../lib/gcc/arm-none-eabi/7.3.1/../../../../arm-none-eabi/lib/thumb/v7e-m/fpv4-sp/hard\libc_nano.a(lib_a-printf.o)
                0x0000000008009094                iprintf
                0x0000000008009094                printf
 .text._puts_r  0x00000000080090c4       0xb8 c:/st/stm32cubeide_1.3.0/stm32cubeide/plugins/com.st.stm32cube.ide.mcu.externaltools.gnu-tools-for-stm32.7-2018-q2-update.win32_1.0.0.201904181610/tools/bin/../lib/gcc/arm-none-eabi/7.3.1/../../../../arm-none-eabi/lib/thumb/v7e-m/fpv4-sp/hard\libc_nano.a(lib_a-puts.o)
                0x00000000080090c4                _puts_r
 .text.puts     0x000000000800917c       0x10 c:/st/stm32cubeide_1.3.0/stm32cubeide/plugins/com.st.stm32cube.ide.mcu.externaltools.gnu-tools-for-stm32.7-2018-q2-update.win32_1.0.0.201904181610/tools/bin/../lib/gcc/arm-none-eabi/7.3.1/../../../../arm-none-eabi/lib/thumb/v7e-m/fpv4-sp/hard\libc_nano.a(lib_a-puts.o)
                0x000000000800917c                puts
 .text.__swbuf_r
                0x000000000800918c       0xa4 c:/st/stm32cubeide_1.3.0/stm32cubeide/plugins/com.st.stm32cube.ide.mcu.externaltools.gnu-tools-for-stm32.7-2018-q2-update.win32_1.0.0.201904181610/tools/bin/../lib/gcc/arm-none-eabi/7.3.1/../../../../arm-none-eabi/lib/thumb/v7e-m/fpv4-sp/hard\libc_nano.a(lib_a-wbuf.o)
                0x000000000800918c                __swbuf_r
 .text.__swsetup_r
                0x0000000008009230       0xdc c:/st/stm32cubeide_1.3.0/stm32cubeide/plugins/com.st.stm32cube.ide.mcu.externaltools.gnu-tools-for-stm32.7-2018-q2-update.win32_1.0.0.201904181610/tools/bin/../lib/gcc/arm-none-eabi/7.3.1/../../../../arm-none-eabi/lib/thumb/v7e-m/fpv4-sp/hard\libc_nano.a(lib_a-wsetup.o)
                0x0000000008009230                __swsetup_r
 .text.quorem   0x000000000800930c      0x118 c:/st/stm32cubeide_1.3.0/stm32cubeide/plugins/com.st.stm32cube.ide.mcu.externaltools.gnu-tools-for-stm32.7-2018-q2-update.win32_1.0.0.201904181610/tools/bin/../lib/gcc/arm-none-eabi/7.3.1/../../../../arm-none-eabi/lib/thumb/v7e-m/fpv4-sp/hard\libc_nano.a(lib_a-dtoa.o)
 *fill*         0x0000000008009424        0x4 
 .text._dtoa_r  0x0000000008009428      0xb70 c:/st/stm32cubeide_1.3.0/stm32cubeide/plugins/com.st.stm32cube.ide.mcu.externaltools.gnu-tools-for-stm32.7-2018-q2-update.win32_1.0.0.201904181610/tools/bin/../lib/gcc/arm-none-eabi/7.3.1/../../../../arm-none-eabi/lib/thumb/v7e-m/fpv4-sp/hard\libc_nano.a(lib_a-dtoa.o)
                0x0000000008009428                _dtoa_r
 .text.__sflush_r
                0x0000000008009f98      0x10c c:/st/stm32cubeide_1.3.0/stm32cubeide/plugins/com.st.stm32cube.ide.mcu.externaltools.gnu-tools-for-stm32.7-2018-q2-update.win32_1.0.0.201904181610/tools/bin/../lib/gcc/arm-none-eabi/7.3.1/../../../../arm-none-eabi/lib/thumb/v7e-m/fpv4-sp/hard\libc_nano.a(lib_a-fflush.o)
                0x0000000008009f98                __sflush_r
 .text._fflush_r
                0x000000000800a0a4       0x54 c:/st/stm32cubeide_1.3.0/stm32cubeide/plugins/com.st.stm32cube.ide.mcu.externaltools.gnu-tools-for-stm32.7-2018-q2-update.win32_1.0.0.201904181610/tools/bin/../lib/gcc/arm-none-eabi/7.3.1/../../../../arm-none-eabi/lib/thumb/v7e-m/fpv4-sp/hard\libc_nano.a(lib_a-fflush.o)
                0x000000000800a0a4                _fflush_r
 .text.std      0x000000000800a0f8       0x48 c:/st/stm32cubeide_1.3.0/stm32cubeide/plugins/com.st.stm32cube.ide.mcu.externaltools.gnu-tools-for-stm32.7-2018-q2-update.win32_1.0.0.201904181610/tools/bin/../lib/gcc/arm-none-eabi/7.3.1/../../../../arm-none-eabi/lib/thumb/v7e-m/fpv4-sp/hard\libc_nano.a(lib_a-findfp.o)
 .text._cleanup_r
                0x000000000800a140        0xc c:/st/stm32cubeide_1.3.0/stm32cubeide/plugins/com.st.stm32cube.ide.mcu.externaltools.gnu-tools-for-stm32.7-2018-q2-update.win32_1.0.0.201904181610/tools/bin/../lib/gcc/arm-none-eabi/7.3.1/../../../../arm-none-eabi/lib/thumb/v7e-m/fpv4-sp/hard\libc_nano.a(lib_a-findfp.o)
                0x000000000800a140                _cleanup_r
 .text.__sfmoreglue
                0x000000000800a14c       0x2c c:/st/stm32cubeide_1.3.0/stm32cubeide/plugins/com.st.stm32cube.ide.mcu.externaltools.gnu-tools-for-stm32.7-2018-q2-update.win32_1.0.0.201904181610/tools/bin/../lib/gcc/arm-none-eabi/7.3.1/../../../../arm-none-eabi/lib/thumb/v7e-m/fpv4-sp/hard\libc_nano.a(lib_a-findfp.o)
                0x000000000800a14c                __sfmoreglue
 .text.__sinit  0x000000000800a178       0x60 c:/st/stm32cubeide_1.3.0/stm32cubeide/plugins/com.st.stm32cube.ide.mcu.externaltools.gnu-tools-for-stm32.7-2018-q2-update.win32_1.0.0.201904181610/tools/bin/../lib/gcc/arm-none-eabi/7.3.1/../../../../arm-none-eabi/lib/thumb/v7e-m/fpv4-sp/hard\libc_nano.a(lib_a-findfp.o)
                0x000000000800a178                __sinit
 .text.__sfp    0x000000000800a1d8       0x78 c:/st/stm32cubeide_1.3.0/stm32cubeide/plugins/com.st.stm32cube.ide.mcu.externaltools.gnu-tools-for-stm32.7-2018-q2-update.win32_1.0.0.201904181610/tools/bin/../lib/gcc/arm-none-eabi/7.3.1/../../../../arm-none-eabi/lib/thumb/v7e-m/fpv4-sp/hard\libc_nano.a(lib_a-findfp.o)
                0x000000000800a1d8                __sfp
 .text._fwalk_reent
                0x000000000800a250       0x3c c:/st/stm32cubeide_1.3.0/stm32cubeide/plugins/com.st.stm32cube.ide.mcu.externaltools.gnu-tools-for-stm32.7-2018-q2-update.win32_1.0.0.201904181610/tools/bin/../lib/gcc/arm-none-eabi/7.3.1/../../../../arm-none-eabi/lib/thumb/v7e-m/fpv4-sp/hard\libc_nano.a(lib_a-fwalk.o)
                0x000000000800a250                _fwalk_reent
 .text._localeconv_r
                0x000000000800a28c       0x1c c:/st/stm32cubeide_1.3.0/stm32cubeide/plugins/com.st.stm32cube.ide.mcu.externaltools.gnu-tools-for-stm32.7-2018-q2-update.win32_1.0.0.201904181610/tools/bin/../lib/gcc/arm-none-eabi/7.3.1/../../../../arm-none-eabi/lib/thumb/v7e-m/fpv4-sp/hard\libc_nano.a(lib_a-localeconv.o)
                0x000000000800a28c                _localeconv_r
 .text.__swhatbuf_r
                0x000000000800a2a8       0x48 c:/st/stm32cubeide_1.3.0/stm32cubeide/plugins/com.st.stm32cube.ide.mcu.externaltools.gnu-tools-for-stm32.7-2018-q2-update.win32_1.0.0.201904181610/tools/bin/../lib/gcc/arm-none-eabi/7.3.1/../../../../arm-none-eabi/lib/thumb/v7e-m/fpv4-sp/hard\libc_nano.a(lib_a-makebuf.o)
                0x000000000800a2a8                __swhatbuf_r
 .text.__smakebuf_r
                0x000000000800a2f0       0x80 c:/st/stm32cubeide_1.3.0/stm32cubeide/plugins/com.st.stm32cube.ide.mcu.externaltools.gnu-tools-for-stm32.7-2018-q2-update.win32_1.0.0.201904181610/tools/bin/../lib/gcc/arm-none-eabi/7.3.1/../../../../arm-none-eabi/lib/thumb/v7e-m/fpv4-sp/hard\libc_nano.a(lib_a-makebuf.o)
                0x000000000800a2f0                __smakebuf_r
 .text.malloc   0x000000000800a370       0x10 c:/st/stm32cubeide_1.3.0/stm32cubeide/plugins/com.st.stm32cube.ide.mcu.externaltools.gnu-tools-for-stm32.7-2018-q2-update.win32_1.0.0.201904181610/tools/bin/../lib/gcc/arm-none-eabi/7.3.1/../../../../arm-none-eabi/lib/thumb/v7e-m/fpv4-sp/hard\libc_nano.a(lib_a-malloc.o)
                0x000000000800a370                malloc
 .text.memcpy   0x000000000800a380       0x16 c:/st/stm32cubeide_1.3.0/stm32cubeide/plugins/com.st.stm32cube.ide.mcu.externaltools.gnu-tools-for-stm32.7-2018-q2-update.win32_1.0.0.201904181610/tools/bin/../lib/gcc/arm-none-eabi/7.3.1/../../../../arm-none-eabi/lib/thumb/v7e-m/fpv4-sp/hard\libc_nano.a(lib_a-memcpy-stub.o)
                0x000000000800a380                memcpy
 .text._Balloc  0x000000000800a396       0x68 c:/st/stm32cubeide_1.3.0/stm32cubeide/plugins/com.st.stm32cube.ide.mcu.externaltools.gnu-tools-for-stm32.7-2018-q2-update.win32_1.0.0.201904181610/tools/bin/../lib/gcc/arm-none-eabi/7.3.1/../../../../arm-none-eabi/lib/thumb/v7e-m/fpv4-sp/hard\libc_nano.a(lib_a-mprec.o)
                0x000000000800a396                _Balloc
 .text._Bfree   0x000000000800a3fe       0x2e c:/st/stm32cubeide_1.3.0/stm32cubeide/plugins/com.st.stm32cube.ide.mcu.externaltools.gnu-tools-for-stm32.7-2018-q2-update.win32_1.0.0.201904181610/tools/bin/../lib/gcc/arm-none-eabi/7.3.1/../../../../arm-none-eabi/lib/thumb/v7e-m/fpv4-sp/hard\libc_nano.a(lib_a-mprec.o)
                0x000000000800a3fe                _Bfree
 .text.__multadd
                0x000000000800a42c       0x76 c:/st/stm32cubeide_1.3.0/stm32cubeide/plugins/com.st.stm32cube.ide.mcu.externaltools.gnu-tools-for-stm32.7-2018-q2-update.win32_1.0.0.201904181610/tools/bin/../lib/gcc/arm-none-eabi/7.3.1/../../../../arm-none-eabi/lib/thumb/v7e-m/fpv4-sp/hard\libc_nano.a(lib_a-mprec.o)
                0x000000000800a42c                __multadd
 .text.__hi0bits
                0x000000000800a4a2       0x3e c:/st/stm32cubeide_1.3.0/stm32cubeide/plugins/com.st.stm32cube.ide.mcu.externaltools.gnu-tools-for-stm32.7-2018-q2-update.win32_1.0.0.201904181610/tools/bin/../lib/gcc/arm-none-eabi/7.3.1/../../../../arm-none-eabi/lib/thumb/v7e-m/fpv4-sp/hard\libc_nano.a(lib_a-mprec.o)
                0x000000000800a4a2                __hi0bits
 .text.__lo0bits
                0x000000000800a4e0       0x5e c:/st/stm32cubeide_1.3.0/stm32cubeide/plugins/com.st.stm32cube.ide.mcu.externaltools.gnu-tools-for-stm32.7-2018-q2-update.win32_1.0.0.201904181610/tools/bin/../lib/gcc/arm-none-eabi/7.3.1/../../../../arm-none-eabi/lib/thumb/v7e-m/fpv4-sp/hard\libc_nano.a(lib_a-mprec.o)
                0x000000000800a4e0                __lo0bits
 .text.__i2b    0x000000000800a53e       0x12 c:/st/stm32cubeide_1.3.0/stm32cubeide/plugins/com.st.stm32cube.ide.mcu.externaltools.gnu-tools-for-stm32.7-2018-q2-update.win32_1.0.0.201904181610/tools/bin/../lib/gcc/arm-none-eabi/7.3.1/../../../../arm-none-eabi/lib/thumb/v7e-m/fpv4-sp/hard\libc_nano.a(lib_a-mprec.o)
                0x000000000800a53e                __i2b
 .text.__multiply
                0x000000000800a550      0x12c c:/st/stm32cubeide_1.3.0/stm32cubeide/plugins/com.st.stm32cube.ide.mcu.externaltools.gnu-tools-for-stm32.7-2018-q2-update.win32_1.0.0.201904181610/tools/bin/../lib/gcc/arm-none-eabi/7.3.1/../../../../arm-none-eabi/lib/thumb/v7e-m/fpv4-sp/hard\libc_nano.a(lib_a-mprec.o)
                0x000000000800a550                __multiply
 .text.__pow5mult
                0x000000000800a67c       0x9c c:/st/stm32cubeide_1.3.0/stm32cubeide/plugins/com.st.stm32cube.ide.mcu.externaltools.gnu-tools-for-stm32.7-2018-q2-update.win32_1.0.0.201904181610/tools/bin/../lib/gcc/arm-none-eabi/7.3.1/../../../../arm-none-eabi/lib/thumb/v7e-m/fpv4-sp/hard\libc_nano.a(lib_a-mprec.o)
                0x000000000800a67c                __pow5mult
 .text.__lshift
                0x000000000800a718       0xa8 c:/st/stm32cubeide_1.3.0/stm32cubeide/plugins/com.st.stm32cube.ide.mcu.externaltools.gnu-tools-for-stm32.7-2018-q2-update.win32_1.0.0.201904181610/tools/bin/../lib/gcc/arm-none-eabi/7.3.1/../../../../arm-none-eabi/lib/thumb/v7e-m/fpv4-sp/hard\libc_nano.a(lib_a-mprec.o)
                0x000000000800a718                __lshift
 .text.__mcmp   0x000000000800a7c0       0x34 c:/st/stm32cubeide_1.3.0/stm32cubeide/plugins/com.st.stm32cube.ide.mcu.externaltools.gnu-tools-for-stm32.7-2018-q2-update.win32_1.0.0.201904181610/tools/bin/../lib/gcc/arm-none-eabi/7.3.1/../../../../arm-none-eabi/lib/thumb/v7e-m/fpv4-sp/hard\libc_nano.a(lib_a-mprec.o)
                0x000000000800a7c0                __mcmp
 .text.__mdiff  0x000000000800a7f4       0xba c:/st/stm32cubeide_1.3.0/stm32cubeide/plugins/com.st.stm32cube.ide.mcu.externaltools.gnu-tools-for-stm32.7-2018-q2-update.win32_1.0.0.201904181610/tools/bin/../lib/gcc/arm-none-eabi/7.3.1/../../../../arm-none-eabi/lib/thumb/v7e-m/fpv4-sp/hard\libc_nano.a(lib_a-mprec.o)
                0x000000000800a7f4                __mdiff
 .text.__d2b    0x000000000800a8ae       0x9e c:/st/stm32cubeide_1.3.0/stm32cubeide/plugins/com.st.stm32cube.ide.mcu.externaltools.gnu-tools-for-stm32.7-2018-q2-update.win32_1.0.0.201904181610/tools/bin/../lib/gcc/arm-none-eabi/7.3.1/../../../../arm-none-eabi/lib/thumb/v7e-m/fpv4-sp/hard\libc_nano.a(lib_a-mprec.o)
                0x000000000800a8ae                __d2b
 .text._calloc_r
                0x000000000800a94c       0x1c c:/st/stm32cubeide_1.3.0/stm32cubeide/plugins/com.st.stm32cube.ide.mcu.externaltools.gnu-tools-for-stm32.7-2018-q2-update.win32_1.0.0.201904181610/tools/bin/../lib/gcc/arm-none-eabi/7.3.1/../../../../arm-none-eabi/lib/thumb/v7e-m/fpv4-sp/hard\libc_nano.a(lib_a-nano-callocr.o)
                0x000000000800a94c                _calloc_r
 .text._free_r  0x000000000800a968       0x9c c:/st/stm32cubeide_1.3.0/stm32cubeide/plugins/com.st.stm32cube.ide.mcu.externaltools.gnu-tools-for-stm32.7-2018-q2-update.win32_1.0.0.201904181610/tools/bin/../lib/gcc/arm-none-eabi/7.3.1/../../../../arm-none-eabi/lib/thumb/v7e-m/fpv4-sp/hard\libc_nano.a(lib_a-nano-freer.o)
                0x000000000800a968                _free_r
 .text._malloc_r
                0x000000000800aa04       0xb4 c:/st/stm32cubeide_1.3.0/stm32cubeide/plugins/com.st.stm32cube.ide.mcu.externaltools.gnu-tools-for-stm32.7-2018-q2-update.win32_1.0.0.201904181610/tools/bin/../lib/gcc/arm-none-eabi/7.3.1/../../../../arm-none-eabi/lib/thumb/v7e-m/fpv4-sp/hard\libc_nano.a(lib_a-nano-mallocr.o)
                0x000000000800aa04                _malloc_r
 .text.__sfputc_r
                0x000000000800aab8       0x2e c:/st/stm32cubeide_1.3.0/stm32cubeide/plugins/com.st.stm32cube.ide.mcu.externaltools.gnu-tools-for-stm32.7-2018-q2-update.win32_1.0.0.201904181610/tools/bin/../lib/gcc/arm-none-eabi/7.3.1/../../../../arm-none-eabi/lib/thumb/v7e-m/fpv4-sp/hard\libc_nano.a(lib_a-nano-vfprintf.o)
 .text.__sfputs_r
                0x000000000800aae6       0x24 c:/st/stm32cubeide_1.3.0/stm32cubeide/plugins/com.st.stm32cube.ide.mcu.externaltools.gnu-tools-for-stm32.7-2018-q2-update.win32_1.0.0.201904181610/tools/bin/../lib/gcc/arm-none-eabi/7.3.1/../../../../arm-none-eabi/lib/thumb/v7e-m/fpv4-sp/hard\libc_nano.a(lib_a-nano-vfprintf.o)
                0x000000000800aae6                __sfputs_r
 *fill*         0x000000000800ab0a        0x2 
 .text._vfprintf_r
                0x000000000800ab0c      0x22c c:/st/stm32cubeide_1.3.0/stm32cubeide/plugins/com.st.stm32cube.ide.mcu.externaltools.gnu-tools-for-stm32.7-2018-q2-update.win32_1.0.0.201904181610/tools/bin/../lib/gcc/arm-none-eabi/7.3.1/../../../../arm-none-eabi/lib/thumb/v7e-m/fpv4-sp/hard\libc_nano.a(lib_a-nano-vfprintf.o)
                0x000000000800ab0c                _vfprintf_r
                0x000000000800ab0c                _vfiprintf_r
 .text._sbrk_r  0x000000000800ad38       0x20 c:/st/stm32cubeide_1.3.0/stm32cubeide/plugins/com.st.stm32cube.ide.mcu.externaltools.gnu-tools-for-stm32.7-2018-q2-update.win32_1.0.0.201904181610/tools/bin/../lib/gcc/arm-none-eabi/7.3.1/../../../../arm-none-eabi/lib/thumb/v7e-m/fpv4-sp/hard\libc_nano.a(lib_a-sbrkr.o)
                0x000000000800ad38                _sbrk_r
 .text.__sread  0x000000000800ad58       0x22 c:/st/stm32cubeide_1.3.0/stm32cubeide/plugins/com.st.stm32cube.ide.mcu.externaltools.gnu-tools-for-stm32.7-2018-q2-update.win32_1.0.0.201904181610/tools/bin/../lib/gcc/arm-none-eabi/7.3.1/../../../../arm-none-eabi/lib/thumb/v7e-m/fpv4-sp/hard\libc_nano.a(lib_a-stdio.o)
                0x000000000800ad58                __sread
 .text.__swrite
                0x000000000800ad7a       0x38 c:/st/stm32cubeide_1.3.0/stm32cubeide/plugins/com.st.stm32cube.ide.mcu.externaltools.gnu-tools-for-stm32.7-2018-q2-update.win32_1.0.0.201904181610/tools/bin/../lib/gcc/arm-none-eabi/7.3.1/../../../../arm-none-eabi/lib/thumb/v7e-m/fpv4-sp/hard\libc_nano.a(lib_a-stdio.o)
                0x000000000800ad7a                __swrite
 .text.__sseek  0x000000000800adb2       0x24 c:/st/stm32cubeide_1.3.0/stm32cubeide/plugins/com.st.stm32cube.ide.mcu.externaltools.gnu-tools-for-stm32.7-2018-q2-update.win32_1.0.0.201904181610/tools/bin/../lib/gcc/arm-none-eabi/7.3.1/../../../../arm-none-eabi/lib/thumb/v7e-m/fpv4-sp/hard\libc_nano.a(lib_a-stdio.o)
                0x000000000800adb2                __sseek
 .text.__sclose
                0x000000000800add6        0x8 c:/st/stm32cubeide_1.3.0/stm32cubeide/plugins/com.st.stm32cube.ide.mcu.externaltools.gnu-tools-for-stm32.7-2018-q2-update.win32_1.0.0.201904181610/tools/bin/../lib/gcc/arm-none-eabi/7.3.1/../../../../arm-none-eabi/lib/thumb/v7e-m/fpv4-sp/hard\libc_nano.a(lib_a-stdio.o)
                0x000000000800add6                __sclose
 *fill*         0x000000000800adde        0x2 
 .text._write_r
                0x000000000800ade0       0x24 c:/st/stm32cubeide_1.3.0/stm32cubeide/plugins/com.st.stm32cube.ide.mcu.externaltools.gnu-tools-for-stm32.7-2018-q2-update.win32_1.0.0.201904181610/tools/bin/../lib/gcc/arm-none-eabi/7.3.1/../../../../arm-none-eabi/lib/thumb/v7e-m/fpv4-sp/hard\libc_nano.a(lib_a-writer.o)
                0x000000000800ade0                _write_r
 .text._close_r
                0x000000000800ae04       0x20 c:/st/stm32cubeide_1.3.0/stm32cubeide/plugins/com.st.stm32cube.ide.mcu.externaltools.gnu-tools-for-stm32.7-2018-q2-update.win32_1.0.0.201904181610/tools/bin/../lib/gcc/arm-none-eabi/7.3.1/../../../../arm-none-eabi/lib/thumb/v7e-m/fpv4-sp/hard\libc_nano.a(lib_a-closer.o)
                0x000000000800ae04                _close_r
 .text._fstat_r
                0x000000000800ae24       0x24 c:/st/stm32cubeide_1.3.0/stm32cubeide/plugins/com.st.stm32cube.ide.mcu.externaltools.gnu-tools-for-stm32.7-2018-q2-update.win32_1.0.0.201904181610/tools/bin/../lib/gcc/arm-none-eabi/7.3.1/../../../../arm-none-eabi/lib/thumb/v7e-m/fpv4-sp/hard\libc_nano.a(lib_a-fstatr.o)
                0x000000000800ae24                _fstat_r
 .text._isatty_r
                0x000000000800ae48       0x20 c:/st/stm32cubeide_1.3.0/stm32cubeide/plugins/com.st.stm32cube.ide.mcu.externaltools.gnu-tools-for-stm32.7-2018-q2-update.win32_1.0.0.201904181610/tools/bin/../lib/gcc/arm-none-eabi/7.3.1/../../../../arm-none-eabi/lib/thumb/v7e-m/fpv4-sp/hard\libc_nano.a(lib_a-isattyr.o)
                0x000000000800ae48                _isatty_r
 .text._lseek_r
                0x000000000800ae68       0x24 c:/st/stm32cubeide_1.3.0/stm32cubeide/plugins/com.st.stm32cube.ide.mcu.externaltools.gnu-tools-for-stm32.7-2018-q2-update.win32_1.0.0.201904181610/tools/bin/../lib/gcc/arm-none-eabi/7.3.1/../../../../arm-none-eabi/lib/thumb/v7e-m/fpv4-sp/hard\libc_nano.a(lib_a-lseekr.o)
                0x000000000800ae68                _lseek_r
 .text.__ascii_mbtowc
                0x000000000800ae8c       0x24 c:/st/stm32cubeide_1.3.0/stm32cubeide/plugins/com.st.stm32cube.ide.mcu.externaltools.gnu-tools-for-stm32.7-2018-q2-update.win32_1.0.0.201904181610/tools/bin/../lib/gcc/arm-none-eabi/7.3.1/../../../../arm-none-eabi/lib/thumb/v7e-m/fpv4-sp/hard\libc_nano.a(lib_a-mbtowc_r.o)
                0x000000000800ae8c                __ascii_mbtowc
 .text.__malloc_lock
                0x000000000800aeb0        0x2 c:/st/stm32cubeide_1.3.0/stm32cubeide/plugins/com.st.stm32cube.ide.mcu.externaltools.gnu-tools-for-stm32.7-2018-q2-update.win32_1.0.0.201904181610/tools/bin/../lib/gcc/arm-none-eabi/7.3.1/../../../../arm-none-eabi/lib/thumb/v7e-m/fpv4-sp/hard\libc_nano.a(lib_a-mlock.o)
                0x000000000800aeb0                __malloc_lock
 .text.__malloc_unlock
                0x000000000800aeb2        0x2 c:/st/stm32cubeide_1.3.0/stm32cubeide/plugins/com.st.stm32cube.ide.mcu.externaltools.gnu-tools-for-stm32.7-2018-q2-update.win32_1.0.0.201904181610/tools/bin/../lib/gcc/arm-none-eabi/7.3.1/../../../../arm-none-eabi/lib/thumb/v7e-m/fpv4-sp/hard\libc_nano.a(lib_a-mlock.o)
                0x000000000800aeb2                __malloc_unlock
 .text._read_r  0x000000000800aeb4       0x24 c:/st/stm32cubeide_1.3.0/stm32cubeide/plugins/com.st.stm32cube.ide.mcu.externaltools.gnu-tools-for-stm32.7-2018-q2-update.win32_1.0.0.201904181610/tools/bin/../lib/gcc/arm-none-eabi/7.3.1/../../../../arm-none-eabi/lib/thumb/v7e-m/fpv4-sp/hard\libc_nano.a(lib_a-readr.o)
                0x000000000800aeb4                _read_r
 .text.__ascii_wctomb
                0x000000000800aed8       0x1a c:/st/stm32cubeide_1.3.0/stm32cubeide/plugins/com.st.stm32cube.ide.mcu.externaltools.gnu-tools-for-stm32.7-2018-q2-update.win32_1.0.0.201904181610/tools/bin/../lib/gcc/arm-none-eabi/7.3.1/../../../../arm-none-eabi/lib/thumb/v7e-m/fpv4-sp/hard\libc_nano.a(lib_a-wctomb_r.o)
                0x000000000800aed8                __ascii_wctomb
 *(.glue_7)
 .glue_7        0x000000000800aef2        0x0 linker stubs
 *(.glue_7t)
 .glue_7t       0x000000000800aef2        0x0 linker stubs
 *(.eh_frame)
 *fill*         0x000000000800aef2        0x2 
 .eh_frame      0x000000000800aef4        0x0 c:/st/stm32cubeide_1.3.0/stm32cubeide/plugins/com.st.stm32cube.ide.mcu.externaltools.gnu-tools-for-stm32.7-2018-q2-update.win32_1.0.0.201904181610/tools/bin/../lib/gcc/arm-none-eabi/7.3.1/thumb/v7e-m/fpv4-sp/hard/crtbegin.o
 *(.init)
 .init          0x000000000800aef4        0x4 c:/st/stm32cubeide_1.3.0/stm32cubeide/plugins/com.st.stm32cube.ide.mcu.externaltools.gnu-tools-for-stm32.7-2018-q2-update.win32_1.0.0.201904181610/tools/bin/../lib/gcc/arm-none-eabi/7.3.1/thumb/v7e-m/fpv4-sp/hard/crti.o
                0x000000000800aef4                _init
 .init          0x000000000800aef8        0x8 c:/st/stm32cubeide_1.3.0/stm32cubeide/plugins/com.st.stm32cube.ide.mcu.externaltools.gnu-tools-for-stm32.7-2018-q2-update.win32_1.0.0.201904181610/tools/bin/../lib/gcc/arm-none-eabi/7.3.1/thumb/v7e-m/fpv4-sp/hard/crtn.o
 *(.fini)
 .fini          0x000000000800af00        0x4 c:/st/stm32cubeide_1.3.0/stm32cubeide/plugins/com.st.stm32cube.ide.mcu.externaltools.gnu-tools-for-stm32.7-2018-q2-update.win32_1.0.0.201904181610/tools/bin/../lib/gcc/arm-none-eabi/7.3.1/thumb/v7e-m/fpv4-sp/hard/crti.o
                0x000000000800af00                _fini
 .fini          0x000000000800af04        0x8 c:/st/stm32cubeide_1.3.0/stm32cubeide/plugins/com.st.stm32cube.ide.mcu.externaltools.gnu-tools-for-stm32.7-2018-q2-update.win32_1.0.0.201904181610/tools/bin/../lib/gcc/arm-none-eabi/7.3.1/thumb/v7e-m/fpv4-sp/hard/crtn.o
                0x000000000800af0c                . = ALIGN (0x4)
                0x000000000800af0c                _etext = .

.vfp11_veneer   0x000000000800af0c        0x0
 .vfp11_veneer  0x000000000800af0c        0x0 linker stubs

.v4_bx          0x000000000800af0c        0x0
 .v4_bx         0x000000000800af0c        0x0 linker stubs

.iplt           0x000000000800af0c        0x0
 .iplt          0x000000000800af0c        0x0 c:/st/stm32cubeide_1.3.0/stm32cubeide/plugins/com.st.stm32cube.ide.mcu.externaltools.gnu-tools-for-stm32.7-2018-q2-update.win32_1.0.0.201904181610/tools/bin/../lib/gcc/arm-none-eabi/7.3.1/thumb/v7e-m/fpv4-sp/hard/crtbegin.o

.rodata         0x000000000800af10      0xc18
                0x000000000800af10                . = ALIGN (0x4)
 *(.rodata)
 .rodata        0x000000000800af10      0x2ca Bootloader/Src/bl.o
 *fill*         0x000000000800b1da        0x2 
 .rodata        0x000000000800b1dc       0x2e Bootloader/Src/flash.o
 *fill*         0x000000000800b20a        0x2 
 .rodata        0x000000000800b20c      0x1a9 Bootloader/Src/sdcard.o
 *fill*         0x000000000800b3b5        0x3 
 .rodata        0x000000000800b3b8       0x48 Middlewares/Third_Party/FatFs/src/ff.o
 *(.rodata*)
 .rodata.AHBPrescTable
                0x000000000800b400       0x10 Core/Src/system_stm32f4xx.o
                0x000000000800b400                AHBPrescTable
 .rodata.SD_Driver
                0x000000000800b410       0x14 FATFS/Target/sd_diskio.o
                0x000000000800b410                SD_Driver
 .rodata.ExCvt  0x000000000800b424       0x80 Middlewares/Third_Party/FatFs/src/ff.o
 .rodata.LfnOfs
                0x000000000800b4a4        0xd Middlewares/Third_Party/FatFs/src/ff.o
 *fill*         0x000000000800b4b1        0x3 
 .rodata.Tbl    0x000000000800b4b4      0x100 Middlewares/Third_Party/FatFs/src/option/ccsbcs.o
 .rodata.cvt1.8558
                0x000000000800b5b4      0x1f2 Middlewares/Third_Party/FatFs/src/option/ccsbcs.o
 *fill*         0x000000000800b7a6        0x2 
 .rodata.cvt2.8559
                0x000000000800b7a8       0xbc Middlewares/Third_Party/FatFs/src/option/ccsbcs.o
 .rodata._global_impure_ptr
                0x000000000800b864        0x4 c:/st/stm32cubeide_1.3.0/stm32cubeide/plugins/com.st.stm32cube.ide.mcu.externaltools.gnu-tools-for-stm32.7-2018-q2-update.win32_1.0.0.201904181610/tools/bin/../lib/gcc/arm-none-eabi/7.3.1/../../../../arm-none-eabi/lib/thumb/v7e-m/fpv4-sp/hard\libc_nano.a(lib_a-impure.o)
                0x000000000800b864                _global_impure_ptr
 .rodata._printf_float.str1.1
                0x000000000800b868       0x12 c:/st/stm32cubeide_1.3.0/stm32cubeide/plugins/com.st.stm32cube.ide.mcu.externaltools.gnu-tools-for-stm32.7-2018-q2-update.win32_1.0.0.201904181610/tools/bin/../lib/gcc/arm-none-eabi/7.3.1/../../../../arm-none-eabi/lib/thumb/v7e-m/fpv4-sp/hard\libc_nano.a(lib_a-nano-vfprintf_float.o)
 .rodata._printf_i.str1.1
                0x000000000800b87a       0x22 c:/st/stm32cubeide_1.3.0/stm32cubeide/plugins/com.st.stm32cube.ide.mcu.externaltools.gnu-tools-for-stm32.7-2018-q2-update.win32_1.0.0.201904181610/tools/bin/../lib/gcc/arm-none-eabi/7.3.1/../../../../arm-none-eabi/lib/thumb/v7e-m/fpv4-sp/hard\libc_nano.a(lib_a-nano-vfprintf_i.o)
 .rodata._dtoa_r.str1.1
                0x000000000800b89c        0xd c:/st/stm32cubeide_1.3.0/stm32cubeide/plugins/com.st.stm32cube.ide.mcu.externaltools.gnu-tools-for-stm32.7-2018-q2-update.win32_1.0.0.201904181610/tools/bin/../lib/gcc/arm-none-eabi/7.3.1/../../../../arm-none-eabi/lib/thumb/v7e-m/fpv4-sp/hard\libc_nano.a(lib_a-dtoa.o)
                                          0xf (size before relaxing)
 *fill*         0x000000000800b8a9        0x3 
 .rodata.__sf_fake_stderr
                0x000000000800b8ac       0x20 c:/st/stm32cubeide_1.3.0/stm32cubeide/plugins/com.st.stm32cube.ide.mcu.externaltools.gnu-tools-for-stm32.7-2018-q2-update.win32_1.0.0.201904181610/tools/bin/../lib/gcc/arm-none-eabi/7.3.1/../../../../arm-none-eabi/lib/thumb/v7e-m/fpv4-sp/hard\libc_nano.a(lib_a-findfp.o)
                0x000000000800b8ac                __sf_fake_stderr
 .rodata.__sf_fake_stdin
                0x000000000800b8cc       0x20 c:/st/stm32cubeide_1.3.0/stm32cubeide/plugins/com.st.stm32cube.ide.mcu.externaltools.gnu-tools-for-stm32.7-2018-q2-update.win32_1.0.0.201904181610/tools/bin/../lib/gcc/arm-none-eabi/7.3.1/../../../../arm-none-eabi/lib/thumb/v7e-m/fpv4-sp/hard\libc_nano.a(lib_a-findfp.o)
                0x000000000800b8cc                __sf_fake_stdin
 .rodata.__sf_fake_stdout
                0x000000000800b8ec       0x20 c:/st/stm32cubeide_1.3.0/stm32cubeide/plugins/com.st.stm32cube.ide.mcu.externaltools.gnu-tools-for-stm32.7-2018-q2-update.win32_1.0.0.201904181610/tools/bin/../lib/gcc/arm-none-eabi/7.3.1/../../../../arm-none-eabi/lib/thumb/v7e-m/fpv4-sp/hard\libc_nano.a(lib_a-findfp.o)
                0x000000000800b8ec                __sf_fake_stdout
 *fill*         0x000000000800b90c        0x4 
 .rodata.__mprec_bigtens
                0x000000000800b910       0x28 c:/st/stm32cubeide_1.3.0/stm32cubeide/plugins/com.st.stm32cube.ide.mcu.externaltools.gnu-tools-for-stm32.7-2018-q2-update.win32_1.0.0.201904181610/tools/bin/../lib/gcc/arm-none-eabi/7.3.1/../../../../arm-none-eabi/lib/thumb/v7e-m/fpv4-sp/hard\libc_nano.a(lib_a-mprec.o)
                0x000000000800b910                __mprec_bigtens
 .rodata.__mprec_tens
                0x000000000800b938       0xc8 c:/st/stm32cubeide_1.3.0/stm32cubeide/plugins/com.st.stm32cube.ide.mcu.externaltools.gnu-tools-for-stm32.7-2018-q2-update.win32_1.0.0.201904181610/tools/bin/../lib/gcc/arm-none-eabi/7.3.1/../../../../arm-none-eabi/lib/thumb/v7e-m/fpv4-sp/hard\libc_nano.a(lib_a-mprec.o)
                0x000000000800b938                __mprec_tens
 .rodata.p05.7359
                0x000000000800ba00        0xc c:/st/stm32cubeide_1.3.0/stm32cubeide/plugins/com.st.stm32cube.ide.mcu.externaltools.gnu-tools-for-stm32.7-2018-q2-update.win32_1.0.0.201904181610/tools/bin/../lib/gcc/arm-none-eabi/7.3.1/../../../../arm-none-eabi/lib/thumb/v7e-m/fpv4-sp/hard\libc_nano.a(lib_a-mprec.o)
 .rodata._vfprintf_r.str1.1
                0x000000000800ba0c       0x11 c:/st/stm32cubeide_1.3.0/stm32cubeide/plugins/com.st.stm32cube.ide.mcu.externaltools.gnu-tools-for-stm32.7-2018-q2-update.win32_1.0.0.201904181610/tools/bin/../lib/gcc/arm-none-eabi/7.3.1/../../../../arm-none-eabi/lib/thumb/v7e-m/fpv4-sp/hard\libc_nano.a(lib_a-nano-vfprintf.o)
 .rodata._setlocale_r.str1.1
                0x000000000800ba1d        0x8 c:/st/stm32cubeide_1.3.0/stm32cubeide/plugins/com.st.stm32cube.ide.mcu.externaltools.gnu-tools-for-stm32.7-2018-q2-update.win32_1.0.0.201904181610/tools/bin/../lib/gcc/arm-none-eabi/7.3.1/../../../../arm-none-eabi/lib/thumb/v7e-m/fpv4-sp/hard\libc_nano.a(lib_a-locale.o)
                                          0x9 (size before relaxing)
 .rodata.str1.1
                0x000000000800ba25        0x2 c:/st/stm32cubeide_1.3.0/stm32cubeide/plugins/com.st.stm32cube.ide.mcu.externaltools.gnu-tools-for-stm32.7-2018-q2-update.win32_1.0.0.201904181610/tools/bin/../lib/gcc/arm-none-eabi/7.3.1/../../../../arm-none-eabi/lib/thumb/v7e-m/fpv4-sp/hard\libc_nano.a(lib_a-locale.o)
 .rodata._ctype_
                0x000000000800ba27      0x101 c:/st/stm32cubeide_1.3.0/stm32cubeide/plugins/com.st.stm32cube.ide.mcu.externaltools.gnu-tools-for-stm32.7-2018-q2-update.win32_1.0.0.201904181610/tools/bin/../lib/gcc/arm-none-eabi/7.3.1/../../../../arm-none-eabi/lib/thumb/v7e-m/fpv4-sp/hard\libc_nano.a(lib_a-ctype_.o)
                0x000000000800ba27                _ctype_
                0x000000000800bb28                . = ALIGN (0x4)

.ARM.extab      0x000000000800bb28        0x0
                0x000000000800bb28                . = ALIGN (0x4)
 *(.ARM.extab* .gnu.linkonce.armextab.*)
                0x000000000800bb28                . = ALIGN (0x4)

.ARM            0x000000000800bb28        0x8
                0x000000000800bb28                . = ALIGN (0x4)
                0x000000000800bb28                __exidx_start = .
 *(.ARM.exidx*)
 .ARM.exidx     0x000000000800bb28        0x8 c:/st/stm32cubeide_1.3.0/stm32cubeide/plugins/com.st.stm32cube.ide.mcu.externaltools.gnu-tools-for-stm32.7-2018-q2-update.win32_1.0.0.201904181610/tools/bin/../lib/gcc/arm-none-eabi/7.3.1/thumb/v7e-m/fpv4-sp/hard\libgcc.a(_udivmoddi4.o)
                0x000000000800bb30                __exidx_end = .
                0x000000000800bb30                . = ALIGN (0x4)

.rel.dyn        0x000000000800bb30        0x0
 .rel.iplt      0x000000000800bb30        0x0 c:/st/stm32cubeide_1.3.0/stm32cubeide/plugins/com.st.stm32cube.ide.mcu.externaltools.gnu-tools-for-stm32.7-2018-q2-update.win32_1.0.0.201904181610/tools/bin/../lib/gcc/arm-none-eabi/7.3.1/thumb/v7e-m/fpv4-sp/hard/crtbegin.o

.preinit_array  0x000000000800bb30        0x0
                0x000000000800bb30                . = ALIGN (0x4)
                0x000000000800bb30                PROVIDE (__preinit_array_start = .)
 *(.preinit_array*)
                0x000000000800bb30                PROVIDE (__preinit_array_end = .)
                0x000000000800bb30                . = ALIGN (0x4)

.init_array     0x000000000800bb30        0x4
                0x000000000800bb30                . = ALIGN (0x4)
                0x000000000800bb30                PROVIDE (__init_array_start = .)
 *(SORT_BY_NAME(.init_array.*))
 *(.init_array*)
 .init_array    0x000000000800bb30        0x4 c:/st/stm32cubeide_1.3.0/stm32cubeide/plugins/com.st.stm32cube.ide.mcu.externaltools.gnu-tools-for-stm32.7-2018-q2-update.win32_1.0.0.201904181610/tools/bin/../lib/gcc/arm-none-eabi/7.3.1/thumb/v7e-m/fpv4-sp/hard/crtbegin.o
                0x000000000800bb34                PROVIDE (__init_array_end = .)
                0x000000000800bb34                . = ALIGN (0x4)

.fini_array     0x000000000800bb34        0x4
                0x000000000800bb34                . = ALIGN (0x4)
                [!provide]                        PROVIDE (__fini_array_start = .)
 *(SORT_BY_NAME(.fini_array.*))
 *(.fini_array*)
 .fini_array    0x000000000800bb34        0x4 c:/st/stm32cubeide_1.3.0/stm32cubeide/plugins/com.st.stm32cube.ide.mcu.externaltools.gnu-tools-for-stm32.7-2018-q2-update.win32_1.0.0.201904181610/tools/bin/../lib/gcc/arm-none-eabi/7.3.1/thumb/v7e-m/fpv4-sp/hard/crtbegin.o
                [!provide]                        PROVIDE (__fini_array_end = .)
                0x000000000800bb38                . = ALIGN (0x4)
                0x000000000800bb38                _sidata = LOADADDR (.data)

.data           0x0000000020000000      0x1e0 load address 0x000000000800bb38
                0x0000000020000000                . = ALIGN (0x4)
                0x0000000020000000                _sdata = .
 *(.data)
 *(.data*)
 .data.write_address
                0x0000000020000000        0x4 Bootloader/Src/bl.o
 .data.SystemCoreClock
                0x0000000020000004        0x4 Core/Src/system_stm32f4xx.o
                0x0000000020000004                SystemCoreClock
 .data.uwTickPrio
                0x0000000020000008        0x4 Drivers/STM32F4xx_HAL_Driver/Src/stm32f4xx_hal.o
                0x0000000020000008                uwTickPrio
 .data.uwTickFreq
                0x000000002000000c        0x1 Drivers/STM32F4xx_HAL_Driver/Src/stm32f4xx_hal.o
                0x000000002000000c                uwTickFreq
 .data.Stat     0x000000002000000d        0x1 FATFS/Target/sd_diskio.o
 *fill*         0x000000002000000e        0x2 
 .data._impure_ptr
                0x0000000020000010        0x4 c:/st/stm32cubeide_1.3.0/stm32cubeide/plugins/com.st.stm32cube.ide.mcu.externaltools.gnu-tools-for-stm32.7-2018-q2-update.win32_1.0.0.201904181610/tools/bin/../lib/gcc/arm-none-eabi/7.3.1/../../../../arm-none-eabi/lib/thumb/v7e-m/fpv4-sp/hard\libc_nano.a(lib_a-impure.o)
                0x0000000020000010                _impure_ptr
 .data.impure_data
                0x0000000020000014       0x60 c:/st/stm32cubeide_1.3.0/stm32cubeide/plugins/com.st.stm32cube.ide.mcu.externaltools.gnu-tools-for-stm32.7-2018-q2-update.win32_1.0.0.201904181610/tools/bin/../lib/gcc/arm-none-eabi/7.3.1/../../../../arm-none-eabi/lib/thumb/v7e-m/fpv4-sp/hard\libc_nano.a(lib_a-impure.o)
 .data.__global_locale
                0x0000000020000074      0x16c c:/st/stm32cubeide_1.3.0/stm32cubeide/plugins/com.st.stm32cube.ide.mcu.externaltools.gnu-tools-for-stm32.7-2018-q2-update.win32_1.0.0.201904181610/tools/bin/../lib/gcc/arm-none-eabi/7.3.1/../../../../arm-none-eabi/lib/thumb/v7e-m/fpv4-sp/hard\libc_nano.a(lib_a-locale.o)
                0x0000000020000074                __global_locale
                0x00000000200001e0                . = ALIGN (0x4)
                0x00000000200001e0                _edata = .

.igot.plt       0x00000000200001e0        0x0 load address 0x000000000800bd18
 .igot.plt      0x00000000200001e0        0x0 c:/st/stm32cubeide_1.3.0/stm32cubeide/plugins/com.st.stm32cube.ide.mcu.externaltools.gnu-tools-for-stm32.7-2018-q2-update.win32_1.0.0.201904181610/tools/bin/../lib/gcc/arm-none-eabi/7.3.1/thumb/v7e-m/fpv4-sp/hard/crtbegin.o
                0x00000000200001e0                . = ALIGN (0x4)

.bss            0x00000000200001e0      0xdb4 load address 0x000000000800bd18
                0x00000000200001e0                _sbss = .
                0x00000000200001e0                __bss_start__ = _sbss
 *(.bss)
 .bss           0x00000000200001e0       0x1c c:/st/stm32cubeide_1.3.0/stm32cubeide/plugins/com.st.stm32cube.ide.mcu.externaltools.gnu-tools-for-stm32.7-2018-q2-update.win32_1.0.0.201904181610/tools/bin/../lib/gcc/arm-none-eabi/7.3.1/thumb/v7e-m/fpv4-sp/hard/crtbegin.o
 *(.bss*)
 .bss.read_cycle.8751
                0x00000000200001fc        0x4 Bootloader/Src/bl.o
 .bss.crc.8796  0x0000000020000200        0x4 Bootloader/Src/bl.o
 .bss.have_table.5431
                0x0000000020000204        0x4 Bootloader/Src/crc.o
 .bss.table.5430
                0x0000000020000208      0x400 Bootloader/Src/crc.o
 .bss.FirstSector
                0x0000000020000608        0x4 Bootloader/Src/flash.o
 .bss.NbOfSectors
                0x000000002000060c        0x4 Bootloader/Src/flash.o
 .bss.SectorError
                0x0000000020000610        0x4 Bootloader/Src/flash.o
 .bss.EraseInitStruct
                0x0000000020000614       0x14 Bootloader/Src/flash.o
 .bss.heap_end.6424
                0x0000000020000628        0x4 Core/Src/sysmem.o
 .bss.FatFs     0x000000002000062c        0x4 Middlewares/Third_Party/FatFs/src/ff.o
 .bss.Fsid      0x0000000020000630        0x2 Middlewares/Third_Party/FatFs/src/ff.o
 *fill*         0x0000000020000632        0x2 
 .bss.Files     0x0000000020000634       0x20 Middlewares/Third_Party/FatFs/src/ff.o
 .bss.LfnBuf    0x0000000020000654      0x200 Middlewares/Third_Party/FatFs/src/ff.o
 .bss.disk      0x0000000020000854        0xc Middlewares/Third_Party/FatFs/src/ff_gen_drv.o
                0x0000000020000854                disk
 .bss.__malloc_free_list
                0x0000000020000860        0x4 c:/st/stm32cubeide_1.3.0/stm32cubeide/plugins/com.st.stm32cube.ide.mcu.externaltools.gnu-tools-for-stm32.7-2018-q2-update.win32_1.0.0.201904181610/tools/bin/../lib/gcc/arm-none-eabi/7.3.1/../../../../arm-none-eabi/lib/thumb/v7e-m/fpv4-sp/hard\libc_nano.a(lib_a-nano-mallocr.o)
                0x0000000020000860                __malloc_free_list
 .bss.__malloc_sbrk_start
                0x0000000020000864        0x4 c:/st/stm32cubeide_1.3.0/stm32cubeide/plugins/com.st.stm32cube.ide.mcu.externaltools.gnu-tools-for-stm32.7-2018-q2-update.win32_1.0.0.201904181610/tools/bin/../lib/gcc/arm-none-eabi/7.3.1/../../../../arm-none-eabi/lib/thumb/v7e-m/fpv4-sp/hard\libc_nano.a(lib_a-nano-mallocr.o)
                0x0000000020000864                __malloc_sbrk_start
 *(COMMON)
 COMMON         0x0000000020000868      0x680 Bootloader/Src/bl.o
                0x0000000020000868                bl
 COMMON         0x0000000020000ee8       0x84 Core/Src/sdio.o
                0x0000000020000ee8                hsd
 COMMON         0x0000000020000f6c        0x4 Drivers/STM32F4xx_HAL_Driver/Src/stm32f4xx_hal.o
                0x0000000020000f6c                uwTick
 COMMON         0x0000000020000f70       0x20 Drivers/STM32F4xx_HAL_Driver/Src/stm32f4xx_hal_flash.o
                0x0000000020000f70                pFlash
 COMMON         0x0000000020000f90        0x4 c:/st/stm32cubeide_1.3.0/stm32cubeide/plugins/com.st.stm32cube.ide.mcu.externaltools.gnu-tools-for-stm32.7-2018-q2-update.win32_1.0.0.201904181610/tools/bin/../lib/gcc/arm-none-eabi/7.3.1/../../../../arm-none-eabi/lib/thumb/v7e-m/fpv4-sp/hard\libc_nano.a(lib_a-reent.o)
                0x0000000020000f90                errno
                0x0000000020000f94                . = ALIGN (0x4)
                0x0000000020000f94                _ebss = .
                0x0000000020000f94                __bss_end__ = _ebss

._user_heap_stack
                0x0000000020000f94      0x604 load address 0x000000000800bd18
                0x0000000020000f98                . = ALIGN (0x8)
 *fill*         0x0000000020000f94        0x4 
                0x0000000020000f98                PROVIDE (end = .)
                [!provide]                        PROVIDE (_end = .)
                0x0000000020001198                . = (. + _Min_Heap_Size)
 *fill*         0x0000000020000f98      0x200 
                0x0000000020001598                . = (. + _Min_Stack_Size)
 *fill*         0x0000000020001198      0x400 
                0x0000000020001598                . = ALIGN (0x8)

/DISCARD/
 libc.a(*)
 libm.a(*)
 libgcc.a(*)

.ARM.attributes
                0x0000000000000000       0x30
 *(.ARM.attributes)
 .ARM.attributes
                0x0000000000000000       0x22 c:/st/stm32cubeide_1.3.0/stm32cubeide/plugins/com.st.stm32cube.ide.mcu.externaltools.gnu-tools-for-stm32.7-2018-q2-update.win32_1.0.0.201904181610/tools/bin/../lib/gcc/arm-none-eabi/7.3.1/thumb/v7e-m/fpv4-sp/hard/crti.o
 .ARM.attributes
                0x0000000000000022       0x34 c:/st/stm32cubeide_1.3.0/stm32cubeide/plugins/com.st.stm32cube.ide.mcu.externaltools.gnu-tools-for-stm32.7-2018-q2-update.win32_1.0.0.201904181610/tools/bin/../lib/gcc/arm-none-eabi/7.3.1/thumb/v7e-m/fpv4-sp/hard/crtbegin.o
 .ARM.attributes
                0x0000000000000056       0x39 Bootloader/Src/bl.o
 .ARM.attributes
                0x000000000000008f       0x39 Bootloader/Src/crc.o
 .ARM.attributes
                0x00000000000000c8       0x39 Bootloader/Src/flash.o
 .ARM.attributes
                0x0000000000000101       0x39 Bootloader/Src/sdcard.o
 .ARM.attributes
                0x000000000000013a       0x39 Core/Src/gpio.o
 .ARM.attributes
                0x0000000000000173       0x39 Core/Src/main.o
 .ARM.attributes
                0x00000000000001ac       0x39 Core/Src/sdio.o
 .ARM.attributes
                0x00000000000001e5       0x39 Core/Src/stm32f4xx_hal_msp.o
 .ARM.attributes
                0x000000000000021e       0x39 Core/Src/stm32f4xx_it.o
 .ARM.attributes
                0x0000000000000257       0x39 Core/Src/syscalls.o
 .ARM.attributes
                0x0000000000000290       0x39 Core/Src/sysmem.o
 .ARM.attributes
                0x00000000000002c9       0x39 Core/Src/system_stm32f4xx.o
 .ARM.attributes
                0x0000000000000302       0x21 Core/Startup/startup_stm32f407ighx.o
 .ARM.attributes
                0x0000000000000323       0x39 Drivers/STM32F4xx_HAL_Driver/Src/stm32f4xx_hal.o
 .ARM.attributes
                0x000000000000035c       0x39 Drivers/STM32F4xx_HAL_Driver/Src/stm32f4xx_hal_cortex.o
 .ARM.attributes
                0x0000000000000395       0x39 Drivers/STM32F4xx_HAL_Driver/Src/stm32f4xx_hal_flash.o
 .ARM.attributes